<?xml version="1.0" encoding="ISO-8859-1" ?>
<link_info>
   <banner>MSP430 Linker Unix v21.6.1.LTS</banner>
   <copyright>Copyright (c) 2003-2018 Texas Instruments Incorporated</copyright>
   <link_time>0x66196b29</link_time>
   <link_errors>0x0</link_errors>
   <output_file>Master.out</output_file>
   <entry_point>
      <name>_c_int00_noargs_mpu</name>
      <address>0xaaa2</address>
   </entry_point>
   <input_file_list>
      <input_file id="fl-2">
         <path>./</path>
         <kind>object</kind>
         <file>main.obj</file>
         <name>main.obj</name>
      </input_file>
      <input_file id="fl-3">
         <path>./driverlib/MSP430FR2xx_4xx/</path>
         <kind>object</kind>
         <file>adc.obj</file>
         <name>adc.obj</name>
      </input_file>
      <input_file id="fl-4">
         <path>./driverlib/MSP430FR2xx_4xx/</path>
         <kind>object</kind>
         <file>crc.obj</file>
         <name>crc.obj</name>
      </input_file>
      <input_file id="fl-5">
         <path>./driverlib/MSP430FR2xx_4xx/</path>
         <kind>object</kind>
         <file>cs.obj</file>
         <name>cs.obj</name>
      </input_file>
      <input_file id="fl-6">
         <path>./driverlib/MSP430FR2xx_4xx/</path>
         <kind>object</kind>
         <file>ecomp.obj</file>
         <name>ecomp.obj</name>
      </input_file>
      <input_file id="fl-7">
         <path>./driverlib/MSP430FR2xx_4xx/</path>
         <kind>object</kind>
         <file>eusci_a_spi.obj</file>
         <name>eusci_a_spi.obj</name>
      </input_file>
      <input_file id="fl-8">
         <path>./driverlib/MSP430FR2xx_4xx/</path>
         <kind>object</kind>
         <file>eusci_a_uart.obj</file>
         <name>eusci_a_uart.obj</name>
      </input_file>
      <input_file id="fl-9">
         <path>./driverlib/MSP430FR2xx_4xx/</path>
         <kind>object</kind>
         <file>eusci_b_i2c.obj</file>
         <name>eusci_b_i2c.obj</name>
      </input_file>
      <input_file id="fl-a">
         <path>./driverlib/MSP430FR2xx_4xx/</path>
         <kind>object</kind>
         <file>eusci_b_spi.obj</file>
         <name>eusci_b_spi.obj</name>
      </input_file>
      <input_file id="fl-b">
         <path>./driverlib/MSP430FR2xx_4xx/</path>
         <kind>object</kind>
         <file>framctl.obj</file>
         <name>framctl.obj</name>
      </input_file>
      <input_file id="fl-c">
         <path>./driverlib/MSP430FR2xx_4xx/</path>
         <kind>object</kind>
         <file>gpio.obj</file>
         <name>gpio.obj</name>
      </input_file>
      <input_file id="fl-d">
         <path>./driverlib/MSP430FR2xx_4xx/</path>
         <kind>object</kind>
         <file>icc.obj</file>
         <name>icc.obj</name>
      </input_file>
      <input_file id="fl-e">
         <path>./driverlib/MSP430FR2xx_4xx/</path>
         <kind>object</kind>
         <file>lcd_e.obj</file>
         <name>lcd_e.obj</name>
      </input_file>
      <input_file id="fl-f">
         <path>./driverlib/MSP430FR2xx_4xx/</path>
         <kind>object</kind>
         <file>mpy32.obj</file>
         <name>mpy32.obj</name>
      </input_file>
      <input_file id="fl-10">
         <path>./driverlib/MSP430FR2xx_4xx/</path>
         <kind>object</kind>
         <file>pmm.obj</file>
         <name>pmm.obj</name>
      </input_file>
      <input_file id="fl-11">
         <path>./driverlib/MSP430FR2xx_4xx/</path>
         <kind>object</kind>
         <file>rtc.obj</file>
         <name>rtc.obj</name>
      </input_file>
      <input_file id="fl-12">
         <path>./driverlib/MSP430FR2xx_4xx/</path>
         <kind>object</kind>
         <file>sac.obj</file>
         <name>sac.obj</name>
      </input_file>
      <input_file id="fl-13">
         <path>./driverlib/MSP430FR2xx_4xx/</path>
         <kind>object</kind>
         <file>sfr.obj</file>
         <name>sfr.obj</name>
      </input_file>
      <input_file id="fl-14">
         <path>./driverlib/MSP430FR2xx_4xx/</path>
         <kind>object</kind>
         <file>sysctl.obj</file>
         <name>sysctl.obj</name>
      </input_file>
      <input_file id="fl-15">
         <path>./driverlib/MSP430FR2xx_4xx/</path>
         <kind>object</kind>
         <file>tia.obj</file>
         <name>tia.obj</name>
      </input_file>
      <input_file id="fl-16">
         <path>./driverlib/MSP430FR2xx_4xx/</path>
         <kind>object</kind>
         <file>timer_a.obj</file>
         <name>timer_a.obj</name>
      </input_file>
      <input_file id="fl-17">
         <path>./driverlib/MSP430FR2xx_4xx/</path>
         <kind>object</kind>
         <file>timer_b.obj</file>
         <name>timer_b.obj</name>
      </input_file>
      <input_file id="fl-18">
         <path>./driverlib/MSP430FR2xx_4xx/</path>
         <kind>object</kind>
         <file>tlv.obj</file>
         <name>tlv.obj</name>
      </input_file>
      <input_file id="fl-19">
         <path>./driverlib/MSP430FR2xx_4xx/</path>
         <kind>object</kind>
         <file>wdt_a.obj</file>
         <name>wdt_a.obj</name>
      </input_file>
      <input_file id="fl-1f">
         <kind>object</kind>
         <file>&lt;internal&gt;</file>
         <name>&lt;internal&gt;</name>
      </input_file>
      <input_file id="fl-3a">
         <path>/Applications/ti/ccstheia131/ccs/tools/compiler/ti-cgt-msp430_21.6.1.LTS/lib/</path>
         <kind>archive</kind>
         <file>rts430x_lc_sd_eabi.lib</file>
         <name>copy_decompress_lzss.c.obj</name>
      </input_file>
      <input_file id="fl-3b">
         <path>/Applications/ti/ccstheia131/ccs/tools/compiler/ti-cgt-msp430_21.6.1.LTS/lib/</path>
         <kind>archive</kind>
         <file>rts430x_lc_sd_eabi.lib</file>
         <name>copy_decompress_none.c.obj</name>
      </input_file>
      <input_file id="fl-3c">
         <path>/Applications/ti/ccstheia131/ccs/tools/compiler/ti-cgt-msp430_21.6.1.LTS/lib/</path>
         <kind>archive</kind>
         <file>rts430x_lc_sd_eabi.lib</file>
         <name>int22.asm.obj</name>
      </input_file>
      <input_file id="fl-3d">
         <path>/Applications/ti/ccstheia131/ccs/tools/compiler/ti-cgt-msp430_21.6.1.LTS/lib/</path>
         <kind>archive</kind>
         <file>rts430x_lc_sd_eabi.lib</file>
         <name>isr_trap.asm.obj</name>
      </input_file>
      <input_file id="fl-3e">
         <path>/Applications/ti/ccstheia131/ccs/tools/compiler/ti-cgt-msp430_21.6.1.LTS/lib/</path>
         <kind>archive</kind>
         <file>rts430x_lc_sd_eabi.lib</file>
         <name>int24.asm.obj</name>
      </input_file>
      <input_file id="fl-3f">
         <path>/Applications/ti/ccstheia131/ccs/tools/compiler/ti-cgt-msp430_21.6.1.LTS/lib/</path>
         <kind>archive</kind>
         <file>rts430x_lc_sd_eabi.lib</file>
         <name>int25.asm.obj</name>
      </input_file>
      <input_file id="fl-40">
         <path>/Applications/ti/ccstheia131/ccs/tools/compiler/ti-cgt-msp430_21.6.1.LTS/lib/</path>
         <kind>archive</kind>
         <file>rts430x_lc_sd_eabi.lib</file>
         <name>int26.asm.obj</name>
      </input_file>
      <input_file id="fl-41">
         <path>/Applications/ti/ccstheia131/ccs/tools/compiler/ti-cgt-msp430_21.6.1.LTS/lib/</path>
         <kind>archive</kind>
         <file>rts430x_lc_sd_eabi.lib</file>
         <name>int27.asm.obj</name>
      </input_file>
      <input_file id="fl-42">
         <path>/Applications/ti/ccstheia131/ccs/tools/compiler/ti-cgt-msp430_21.6.1.LTS/lib/</path>
         <kind>archive</kind>
         <file>rts430x_lc_sd_eabi.lib</file>
         <name>int28.asm.obj</name>
      </input_file>
      <input_file id="fl-43">
         <path>/Applications/ti/ccstheia131/ccs/tools/compiler/ti-cgt-msp430_21.6.1.LTS/lib/</path>
         <kind>archive</kind>
         <file>rts430x_lc_sd_eabi.lib</file>
         <name>int31.asm.obj</name>
      </input_file>
      <input_file id="fl-44">
         <path>/Applications/ti/ccstheia131/ccs/tools/compiler/ti-cgt-msp430_21.6.1.LTS/lib/</path>
         <kind>archive</kind>
         <file>rts430x_lc_sd_eabi.lib</file>
         <name>int32.asm.obj</name>
      </input_file>
      <input_file id="fl-45">
         <path>/Applications/ti/ccstheia131/ccs/tools/compiler/ti-cgt-msp430_21.6.1.LTS/lib/</path>
         <kind>archive</kind>
         <file>rts430x_lc_sd_eabi.lib</file>
         <name>int33.asm.obj</name>
      </input_file>
      <input_file id="fl-46">
         <path>/Applications/ti/ccstheia131/ccs/tools/compiler/ti-cgt-msp430_21.6.1.LTS/lib/</path>
         <kind>archive</kind>
         <file>rts430x_lc_sd_eabi.lib</file>
         <name>int34.asm.obj</name>
      </input_file>
      <input_file id="fl-47">
         <path>/Applications/ti/ccstheia131/ccs/tools/compiler/ti-cgt-msp430_21.6.1.LTS/lib/</path>
         <kind>archive</kind>
         <file>rts430x_lc_sd_eabi.lib</file>
         <name>int35.asm.obj</name>
      </input_file>
      <input_file id="fl-48">
         <path>/Applications/ti/ccstheia131/ccs/tools/compiler/ti-cgt-msp430_21.6.1.LTS/lib/</path>
         <kind>archive</kind>
         <file>rts430x_lc_sd_eabi.lib</file>
         <name>int36.asm.obj</name>
      </input_file>
      <input_file id="fl-49">
         <path>/Applications/ti/ccstheia131/ccs/tools/compiler/ti-cgt-msp430_21.6.1.LTS/lib/</path>
         <kind>archive</kind>
         <file>rts430x_lc_sd_eabi.lib</file>
         <name>int37.asm.obj</name>
      </input_file>
      <input_file id="fl-4a">
         <path>/Applications/ti/ccstheia131/ccs/tools/compiler/ti-cgt-msp430_21.6.1.LTS/lib/</path>
         <kind>archive</kind>
         <file>rts430x_lc_sd_eabi.lib</file>
         <name>int38.asm.obj</name>
      </input_file>
      <input_file id="fl-4b">
         <path>/Applications/ti/ccstheia131/ccs/tools/compiler/ti-cgt-msp430_21.6.1.LTS/lib/</path>
         <kind>archive</kind>
         <file>rts430x_lc_sd_eabi.lib</file>
         <name>int39.asm.obj</name>
      </input_file>
      <input_file id="fl-4c">
         <path>/Applications/ti/ccstheia131/ccs/tools/compiler/ti-cgt-msp430_21.6.1.LTS/lib/</path>
         <kind>archive</kind>
         <file>rts430x_lc_sd_eabi.lib</file>
         <name>int40.asm.obj</name>
      </input_file>
      <input_file id="fl-4d">
         <path>/Applications/ti/ccstheia131/ccs/tools/compiler/ti-cgt-msp430_21.6.1.LTS/lib/</path>
         <kind>archive</kind>
         <file>rts430x_lc_sd_eabi.lib</file>
         <name>int41.asm.obj</name>
      </input_file>
      <input_file id="fl-4e">
         <path>/Applications/ti/ccstheia131/ccs/tools/compiler/ti-cgt-msp430_21.6.1.LTS/lib/</path>
         <kind>archive</kind>
         <file>rts430x_lc_sd_eabi.lib</file>
         <name>int42.asm.obj</name>
      </input_file>
      <input_file id="fl-4f">
         <path>/Applications/ti/ccstheia131/ccs/tools/compiler/ti-cgt-msp430_21.6.1.LTS/lib/</path>
         <kind>archive</kind>
         <file>rts430x_lc_sd_eabi.lib</file>
         <name>int44.asm.obj</name>
      </input_file>
      <input_file id="fl-50">
         <path>/Applications/ti/ccstheia131/ccs/tools/compiler/ti-cgt-msp430_21.6.1.LTS/lib/</path>
         <kind>archive</kind>
         <file>rts430x_lc_sd_eabi.lib</file>
         <name>int45.asm.obj</name>
      </input_file>
      <input_file id="fl-51">
         <path>/Applications/ti/ccstheia131/ccs/tools/compiler/ti-cgt-msp430_21.6.1.LTS/lib/</path>
         <kind>archive</kind>
         <file>rts430x_lc_sd_eabi.lib</file>
         <name>copy_zero_init.c.obj</name>
      </input_file>
      <input_file id="fl-52">
         <path>/Applications/ti/ccstheia131/ccs/tools/compiler/ti-cgt-msp430_21.6.1.LTS/lib/</path>
         <kind>archive</kind>
         <file>rts430x_lc_sd_eabi.lib</file>
         <name>cpy_util.asm.obj</name>
      </input_file>
      <input_file id="fl-53">
         <path>/Applications/ti/ccstheia131/ccs/tools/compiler/ti-cgt-msp430_21.6.1.LTS/lib/</path>
         <kind>archive</kind>
         <file>rts430x_lc_sd_eabi.lib</file>
         <name>addd.c.obj</name>
      </input_file>
      <input_file id="fl-54">
         <path>/Applications/ti/ccstheia131/ccs/tools/compiler/ti-cgt-msp430_21.6.1.LTS/lib/</path>
         <kind>archive</kind>
         <file>rts430x_lc_sd_eabi.lib</file>
         <name>fs_add.asm.obj</name>
      </input_file>
      <input_file id="fl-55">
         <path>/Applications/ti/ccstheia131/ccs/tools/compiler/ti-cgt-msp430_21.6.1.LTS/lib/</path>
         <kind>archive</kind>
         <file>rts430x_lc_sd_eabi.lib</file>
         <name>fs_cmp.asm.obj</name>
      </input_file>
      <input_file id="fl-56">
         <path>/Applications/ti/ccstheia131/ccs/tools/compiler/ti-cgt-msp430_21.6.1.LTS/lib/</path>
         <kind>archive</kind>
         <file>rts430x_lc_sd_eabi.lib</file>
         <name>cvtdf.c.obj</name>
      </input_file>
      <input_file id="fl-57">
         <path>/Applications/ti/ccstheia131/ccs/tools/compiler/ti-cgt-msp430_21.6.1.LTS/lib/</path>
         <kind>archive</kind>
         <file>rts430x_lc_sd_eabi.lib</file>
         <name>cvtfd.c.obj</name>
      </input_file>
      <input_file id="fl-58">
         <path>/Applications/ti/ccstheia131/ccs/tools/compiler/ti-cgt-msp430_21.6.1.LTS/lib/</path>
         <kind>archive</kind>
         <file>rts430x_lc_sd_eabi.lib</file>
         <name>divd.c.obj</name>
      </input_file>
      <input_file id="fl-59">
         <path>/Applications/ti/ccstheia131/ccs/tools/compiler/ti-cgt-msp430_21.6.1.LTS/lib/</path>
         <kind>archive</kind>
         <file>rts430x_lc_sd_eabi.lib</file>
         <name>frcdivd.c.obj</name>
      </input_file>
      <input_file id="fl-5a">
         <path>/Applications/ti/ccstheia131/ccs/tools/compiler/ti-cgt-msp430_21.6.1.LTS/lib/</path>
         <kind>archive</kind>
         <file>rts430x_lc_sd_eabi.lib</file>
         <name>fs_div.asm.obj</name>
      </input_file>
      <input_file id="fl-5b">
         <path>/Applications/ti/ccstheia131/ccs/tools/compiler/ti-cgt-msp430_21.6.1.LTS/lib/</path>
         <kind>archive</kind>
         <file>rts430x_lc_sd_eabi.lib</file>
         <name>div16s.asm.obj</name>
      </input_file>
      <input_file id="fl-5c">
         <path>/Applications/ti/ccstheia131/ccs/tools/compiler/ti-cgt-msp430_21.6.1.LTS/lib/</path>
         <kind>archive</kind>
         <file>rts430x_lc_sd_eabi.lib</file>
         <name>div32s.asm.obj</name>
      </input_file>
      <input_file id="fl-5d">
         <path>/Applications/ti/ccstheia131/ccs/tools/compiler/ti-cgt-msp430_21.6.1.LTS/lib/</path>
         <kind>archive</kind>
         <file>rts430x_lc_sd_eabi.lib</file>
         <name>div16u.asm.obj</name>
      </input_file>
      <input_file id="fl-5e">
         <path>/Applications/ti/ccstheia131/ccs/tools/compiler/ti-cgt-msp430_21.6.1.LTS/lib/</path>
         <kind>archive</kind>
         <file>rts430x_lc_sd_eabi.lib</file>
         <name>div32u.asm.obj</name>
      </input_file>
      <input_file id="fl-5f">
         <path>/Applications/ti/ccstheia131/ccs/tools/compiler/ti-cgt-msp430_21.6.1.LTS/lib/</path>
         <kind>archive</kind>
         <file>rts430x_lc_sd_eabi.lib</file>
         <name>fs_toi.asm.obj</name>
      </input_file>
      <input_file id="fl-60">
         <path>/Applications/ti/ccstheia131/ccs/tools/compiler/ti-cgt-msp430_21.6.1.LTS/lib/</path>
         <kind>archive</kind>
         <file>rts430x_lc_sd_eabi.lib</file>
         <name>fs_itof.asm.obj</name>
      </input_file>
      <input_file id="fl-61">
         <path>/Applications/ti/ccstheia131/ccs/tools/compiler/ti-cgt-msp430_21.6.1.LTS/lib/</path>
         <kind>archive</kind>
         <file>rts430x_lc_sd_eabi.lib</file>
         <name>fltud.c.obj</name>
      </input_file>
      <input_file id="fl-62">
         <path>/Applications/ti/ccstheia131/ccs/tools/compiler/ti-cgt-msp430_21.6.1.LTS/lib/</path>
         <kind>archive</kind>
         <file>rts430x_lc_sd_eabi.lib</file>
         <name>fltuld.c.obj</name>
      </input_file>
      <input_file id="fl-63">
         <path>/Applications/ti/ccstheia131/ccs/tools/compiler/ti-cgt-msp430_21.6.1.LTS/lib/</path>
         <kind>archive</kind>
         <file>rts430x_lc_sd_eabi.lib</file>
         <name>mpyd.c.obj</name>
      </input_file>
      <input_file id="fl-64">
         <path>/Applications/ti/ccstheia131/ccs/tools/compiler/ti-cgt-msp430_21.6.1.LTS/lib/</path>
         <kind>archive</kind>
         <file>rts430x_lc_sd_eabi.lib</file>
         <name>frcmpyd.c.obj</name>
      </input_file>
      <input_file id="fl-65">
         <path>/Applications/ti/ccstheia131/ccs/tools/compiler/ti-cgt-msp430_21.6.1.LTS/lib/</path>
         <kind>archive</kind>
         <file>rts430x_lc_sd_eabi.lib</file>
         <name>fs_mpy.asm.obj</name>
      </input_file>
      <input_file id="fl-66">
         <path>/Applications/ti/ccstheia131/ccs/tools/compiler/ti-cgt-msp430_21.6.1.LTS/lib/</path>
         <kind>archive</kind>
         <file>rts430x_lc_sd_eabi.lib</file>
         <name>mult16.asm.obj</name>
      </input_file>
      <input_file id="fl-67">
         <path>/Applications/ti/ccstheia131/ccs/tools/compiler/ti-cgt-msp430_21.6.1.LTS/lib/</path>
         <kind>archive</kind>
         <file>rts430x_lc_sd_eabi.lib</file>
         <name>mult16_f5hw.asm.obj</name>
      </input_file>
      <input_file id="fl-68">
         <path>/Applications/ti/ccstheia131/ccs/tools/compiler/ti-cgt-msp430_21.6.1.LTS/lib/</path>
         <kind>archive</kind>
         <file>rts430x_lc_sd_eabi.lib</file>
         <name>mult32.asm.obj</name>
      </input_file>
      <input_file id="fl-69">
         <path>/Applications/ti/ccstheia131/ccs/tools/compiler/ti-cgt-msp430_21.6.1.LTS/lib/</path>
         <kind>archive</kind>
         <file>rts430x_lc_sd_eabi.lib</file>
         <name>mult32_f5hw.asm.obj</name>
      </input_file>
      <input_file id="fl-6a">
         <path>/Applications/ti/ccstheia131/ccs/tools/compiler/ti-cgt-msp430_21.6.1.LTS/lib/</path>
         <kind>archive</kind>
         <file>rts430x_lc_sd_eabi.lib</file>
         <name>mult64.asm.obj</name>
      </input_file>
      <input_file id="fl-6b">
         <path>/Applications/ti/ccstheia131/ccs/tools/compiler/ti-cgt-msp430_21.6.1.LTS/lib/</path>
         <kind>archive</kind>
         <file>rts430x_lc_sd_eabi.lib</file>
         <name>mult64_f5hw.asm.obj</name>
      </input_file>
      <input_file id="fl-6c">
         <path>/Applications/ti/ccstheia131/ccs/tools/compiler/ti-cgt-msp430_21.6.1.LTS/lib/</path>
         <kind>archive</kind>
         <file>rts430x_lc_sd_eabi.lib</file>
         <name>mult1632_f5hw.asm.obj</name>
      </input_file>
      <input_file id="fl-6d">
         <path>/Applications/ti/ccstheia131/ccs/tools/compiler/ti-cgt-msp430_21.6.1.LTS/lib/</path>
         <kind>archive</kind>
         <file>rts430x_lc_sd_eabi.lib</file>
         <name>mult3264_f5hw.asm.obj</name>
      </input_file>
      <input_file id="fl-6e">
         <path>/Applications/ti/ccstheia131/ccs/tools/compiler/ti-cgt-msp430_21.6.1.LTS/lib/</path>
         <kind>archive</kind>
         <file>rts430x_lc_sd_eabi.lib</file>
         <name>mult1632.asm.obj</name>
      </input_file>
      <input_file id="fl-6f">
         <path>/Applications/ti/ccstheia131/ccs/tools/compiler/ti-cgt-msp430_21.6.1.LTS/lib/</path>
         <kind>archive</kind>
         <file>rts430x_lc_sd_eabi.lib</file>
         <name>mult3264.asm.obj</name>
      </input_file>
      <input_file id="fl-70">
         <path>/Applications/ti/ccstheia131/ccs/tools/compiler/ti-cgt-msp430_21.6.1.LTS/lib/</path>
         <kind>archive</kind>
         <file>rts430x_lc_sd_eabi.lib</file>
         <name>lsl16.asm.obj</name>
      </input_file>
      <input_file id="fl-71">
         <path>/Applications/ti/ccstheia131/ccs/tools/compiler/ti-cgt-msp430_21.6.1.LTS/lib/</path>
         <kind>archive</kind>
         <file>rts430x_lc_sd_eabi.lib</file>
         <name>lsl32.asm.obj</name>
      </input_file>
      <input_file id="fl-72">
         <path>/Applications/ti/ccstheia131/ccs/tools/compiler/ti-cgt-msp430_21.6.1.LTS/lib/</path>
         <kind>archive</kind>
         <file>rts430x_lc_sd_eabi.lib</file>
         <name>lsl64.c.obj</name>
      </input_file>
      <input_file id="fl-73">
         <path>/Applications/ti/ccstheia131/ccs/tools/compiler/ti-cgt-msp430_21.6.1.LTS/lib/</path>
         <kind>archive</kind>
         <file>rts430x_lc_sd_eabi.lib</file>
         <name>asr32.asm.obj</name>
      </input_file>
      <input_file id="fl-74">
         <path>/Applications/ti/ccstheia131/ccs/tools/compiler/ti-cgt-msp430_21.6.1.LTS/lib/</path>
         <kind>archive</kind>
         <file>rts430x_lc_sd_eabi.lib</file>
         <name>asr64.c.obj</name>
      </input_file>
      <input_file id="fl-75">
         <path>/Applications/ti/ccstheia131/ccs/tools/compiler/ti-cgt-msp430_21.6.1.LTS/lib/</path>
         <kind>archive</kind>
         <file>rts430x_lc_sd_eabi.lib</file>
         <name>lsr16.asm.obj</name>
      </input_file>
      <input_file id="fl-76">
         <path>/Applications/ti/ccstheia131/ccs/tools/compiler/ti-cgt-msp430_21.6.1.LTS/lib/</path>
         <kind>archive</kind>
         <file>rts430x_lc_sd_eabi.lib</file>
         <name>lsr32.asm.obj</name>
      </input_file>
      <input_file id="fl-77">
         <path>/Applications/ti/ccstheia131/ccs/tools/compiler/ti-cgt-msp430_21.6.1.LTS/lib/</path>
         <kind>archive</kind>
         <file>rts430x_lc_sd_eabi.lib</file>
         <name>lsr64.c.obj</name>
      </input_file>
      <input_file id="fl-78">
         <path>/Applications/ti/ccstheia131/ccs/tools/compiler/ti-cgt-msp430_21.6.1.LTS/lib/</path>
         <kind>archive</kind>
         <file>rts430x_lc_sd_eabi.lib</file>
         <name>subd.c.obj</name>
      </input_file>
      <input_file id="fl-79">
         <path>/Applications/ti/ccstheia131/ccs/tools/compiler/ti-cgt-msp430_21.6.1.LTS/lib/</path>
         <kind>archive</kind>
         <file>rts430x_lc_sd_eabi.lib</file>
         <name>boot.c.obj</name>
      </input_file>
      <input_file id="fl-7a">
         <path>/Applications/ti/ccstheia131/ccs/ccs_base/msp430/lib/FR2xx/</path>
         <kind>archive</kind>
         <file>FRWP_INIT_LIB_CCS_msp430_large_code_small_data.lib</file>
         <name>frwp_init.obj</name>
      </input_file>
      <input_file id="fl-7b">
         <path>/Applications/ti/ccstheia131/ccs/tools/compiler/ti-cgt-msp430_21.6.1.LTS/lib/</path>
         <kind>archive</kind>
         <file>rts430x_lc_sd_eabi.lib</file>
         <name>args_main.c.obj</name>
      </input_file>
      <input_file id="fl-7c">
         <path>/Applications/ti/ccstheia131/ccs/tools/compiler/ti-cgt-msp430_21.6.1.LTS/lib/</path>
         <kind>archive</kind>
         <file>rts430x_lc_sd_eabi.lib</file>
         <name>autoinit.c.obj</name>
      </input_file>
      <input_file id="fl-7d">
         <path>/Applications/ti/ccstheia131/ccs/tools/compiler/ti-cgt-msp430_21.6.1.LTS/lib/</path>
         <kind>archive</kind>
         <file>rts430x_lc_sd_eabi.lib</file>
         <name>startup.c.obj</name>
      </input_file>
      <input_file id="fl-7e">
         <path>/Applications/ti/ccstheia131/ccs/tools/compiler/ti-cgt-msp430_21.6.1.LTS/lib/</path>
         <kind>archive</kind>
         <file>rts430x_lc_sd_eabi.lib</file>
         <name>pre_init.c.obj</name>
      </input_file>
      <input_file id="fl-7f">
         <path>/Applications/ti/ccstheia131/ccs/tools/compiler/ti-cgt-msp430_21.6.1.LTS/lib/</path>
         <kind>archive</kind>
         <file>rts430x_lc_sd_eabi.lib</file>
         <name>cpy_tbl.c.obj</name>
      </input_file>
      <input_file id="fl-80">
         <path>/Applications/ti/ccstheia131/ccs/tools/compiler/ti-cgt-msp430_21.6.1.LTS/lib/</path>
         <kind>archive</kind>
         <file>rts430x_lc_sd_eabi.lib</file>
         <name>exit.c.obj</name>
      </input_file>
      <input_file id="fl-81">
         <path>/Applications/ti/ccstheia131/ccs/tools/compiler/ti-cgt-msp430_21.6.1.LTS/lib/</path>
         <kind>archive</kind>
         <file>rts430x_lc_sd_eabi.lib</file>
         <name>exit_gvars.c.obj</name>
      </input_file>
      <input_file id="fl-82">
         <path>/Applications/ti/ccstheia131/ccs/tools/compiler/ti-cgt-msp430_21.6.1.LTS/lib/</path>
         <kind>archive</kind>
         <file>rts430x_lc_sd_eabi.lib</file>
         <name>_lock.c.obj</name>
      </input_file>
      <input_file id="fl-83">
         <path>/Applications/ti/ccstheia131/ccs/tools/compiler/ti-cgt-msp430_21.6.1.LTS/lib/</path>
         <kind>archive</kind>
         <file>rts430x_lc_sd_eabi.lib</file>
         <name>memcpy.c.obj</name>
      </input_file>
      <input_file id="fl-84">
         <path>/Applications/ti/ccstheia131/ccs/tools/compiler/ti-cgt-msp430_21.6.1.LTS/lib/</path>
         <kind>archive</kind>
         <file>rts430x_lc_sd_eabi.lib</file>
         <name>e_sqrt.c.obj</name>
      </input_file>
      <input_file id="fl-85">
         <path>/Applications/ti/ccstheia131/ccs/tools/compiler/ti-cgt-msp430_21.6.1.LTS/lib/</path>
         <kind>archive</kind>
         <file>rts430x_lc_sd_eabi.lib</file>
         <name>errno.c.obj</name>
      </input_file>
   </input_file_list>
   <object_component_list>
      <object_component id="oc-794">
         <name>.cinit..data.load</name>
         <load_address>0x8000</load_address>
         <run_address>0x8000</run_address>
         <size>0xe</size>
      </object_component>
      <object_component id="oc-791">
         <name>__TI_handler_table</name>
         <load_address>0x800e</load_address>
         <run_address>0x800e</run_address>
         <size>0xc</size>
      </object_component>
      <object_component id="oc-793">
         <name>.cinit..bss.load</name>
         <load_address>0x801a</load_address>
         <run_address>0x801a</run_address>
         <size>0x6</size>
      </object_component>
      <object_component id="oc-792">
         <name>__TI_cinit_table</name>
         <load_address>0x8020</load_address>
         <run_address>0x8020</run_address>
         <size>0x10</size>
      </object_component>
      <object_component id="oc-731">
         <name>.binit</name>
         <load_address>0x8030</load_address>
         <run_address>0x8030</run_address>
         <size>0x0</size>
      </object_component>
      <object_component id="oc-50c">
         <name>.text:__mspabi_addd</name>
         <load_address>0x8030</load_address>
         <run_address>0x8030</run_address>
         <size>0x72a</size>
         <input_file_ref idref="fl-53"/>
      </object_component>
      <object_component id="oc-5a3">
         <name>.text:__TI_frcdivd</name>
         <load_address>0x875a</load_address>
         <run_address>0x875a</run_address>
         <size>0x468</size>
         <input_file_ref idref="fl-59"/>
      </object_component>
      <object_component id="oc-512">
         <name>.text:sqrt</name>
         <load_address>0x8bc2</load_address>
         <run_address>0x8bc2</run_address>
         <size>0x2da</size>
         <input_file_ref idref="fl-84"/>
      </object_component>
      <object_component id="oc-4ee">
         <name>.text:__mspabi_mpyd</name>
         <load_address>0x8e9c</load_address>
         <run_address>0x8e9c</run_address>
         <size>0x292</size>
         <input_file_ref idref="fl-63"/>
      </object_component>
      <object_component id="oc-4f4">
         <name>.text:__mspabi_divd</name>
         <load_address>0x912e</load_address>
         <run_address>0x912e</run_address>
         <size>0x21a</size>
         <input_file_ref idref="fl-58"/>
      </object_component>
      <object_component id="oc-596">
         <name>.text:__TI_frcmpyd</name>
         <load_address>0x9348</load_address>
         <run_address>0x9348</run_address>
         <size>0x164</size>
         <input_file_ref idref="fl-64"/>
      </object_component>
      <object_component id="oc-518">
         <name>.text</name>
         <load_address>0x94ac</load_address>
         <run_address>0x94ac</run_address>
         <size>0x132</size>
         <input_file_ref idref="fl-54"/>
      </object_component>
      <object_component id="oc-54f">
         <name>.text:main</name>
         <load_address>0x95de</load_address>
         <run_address>0x95de</run_address>
         <size>0x104</size>
         <input_file_ref idref="fl-2"/>
      </object_component>
      <object_component id="oc-66">
         <name>.text:decompress:lzss:__TI_decompress_lzss</name>
         <load_address>0x96e2</load_address>
         <run_address>0x96e2</run_address>
         <size>0xee</size>
         <input_file_ref idref="fl-3a"/>
      </object_component>
      <object_component id="oc-531">
         <name>.text</name>
         <load_address>0x97d0</load_address>
         <run_address>0x97d0</run_address>
         <size>0xb8</size>
         <input_file_ref idref="fl-65"/>
      </object_component>
      <object_component id="oc-4aa">
         <name>.text:get_Char</name>
         <load_address>0x9888</load_address>
         <run_address>0x9888</run_address>
         <size>0xb4</size>
         <input_file_ref idref="fl-2"/>
      </object_component>
      <object_component id="oc-4fa">
         <name>.text:__mspabi_cvtdf</name>
         <load_address>0x993c</load_address>
         <run_address>0x993c</run_address>
         <size>0xb2</size>
         <input_file_ref idref="fl-56"/>
      </object_component>
      <object_component id="oc-528">
         <name>.text</name>
         <load_address>0x99ee</load_address>
         <run_address>0x99ee</run_address>
         <size>0x90</size>
         <input_file_ref idref="fl-5a"/>
      </object_component>
      <object_component id="oc-58f">
         <name>.text:__mspabi_fltuld</name>
         <load_address>0x9a7e</load_address>
         <run_address>0x9a7e</run_address>
         <size>0x80</size>
         <input_file_ref idref="fl-62"/>
      </object_component>
      <object_component id="oc-4d1">
         <name>.text:feedbackLoop</name>
         <load_address>0x9afe</load_address>
         <run_address>0x9afe</run_address>
         <size>0x76</size>
         <input_file_ref idref="fl-2"/>
      </object_component>
      <object_component id="oc-6a2">
         <name>.text:I2CSendLM92</name>
         <load_address>0x9b74</load_address>
         <run_address>0x9b74</run_address>
         <size>0x6e</size>
         <input_file_ref idref="fl-2"/>
      </object_component>
      <object_component id="oc-635">
         <name>.text:__TI_auto_init_nobinit_nopinit_hold_wdt:__TI_auto_init_nobinit_nopinit_hold_wdt</name>
         <load_address>0x9be2</load_address>
         <run_address>0x9be2</run_address>
         <size>0x6a</size>
         <input_file_ref idref="fl-7c"/>
      </object_component>
      <object_component id="oc-538">
         <name>.text</name>
         <load_address>0x9c4c</load_address>
         <run_address>0x9c4c</run_address>
         <size>0x68</size>
         <input_file_ref idref="fl-5f"/>
      </object_component>
      <object_component id="oc-500">
         <name>.text:__mspabi_cvtfd</name>
         <load_address>0x9cb4</load_address>
         <run_address>0x9cb4</run_address>
         <size>0x64</size>
         <input_file_ref idref="fl-57"/>
      </object_component>
      <object_component id="oc-65d">
         <name>.text:__mpyll</name>
         <load_address>0x9d18</load_address>
         <run_address>0x9d18</run_address>
         <size>0x5c</size>
         <input_file_ref idref="fl-6b"/>
      </object_component>
      <object_component id="oc-4bf">
         <name>.text:I2CSendLED</name>
         <load_address>0x9d74</load_address>
         <run_address>0x9d74</run_address>
         <size>0x58</size>
         <input_file_ref idref="fl-2"/>
      </object_component>
      <object_component id="oc-696">
         <name>.text:I2CSendRTC</name>
         <load_address>0x9dcc</load_address>
         <run_address>0x9dcc</run_address>
         <size>0x54</size>
         <input_file_ref idref="fl-2"/>
      </object_component>
      <object_component id="oc-4b8">
         <name>.text:I2CSendLCD</name>
         <load_address>0x9e20</load_address>
         <run_address>0x9e20</run_address>
         <size>0x52</size>
         <input_file_ref idref="fl-2"/>
      </object_component>
      <object_component id="oc-4a1">
         <name>.text:get_Col</name>
         <load_address>0x9e72</load_address>
         <run_address>0x9e72</run_address>
         <size>0x4c</size>
         <input_file_ref idref="fl-2"/>
      </object_component>
      <object_component id="oc-51e">
         <name>.text</name>
         <load_address>0x9ebe</load_address>
         <run_address>0x9ebe</run_address>
         <size>0x4a</size>
         <input_file_ref idref="fl-55"/>
      </object_component>
      <object_component id="oc-49b">
         <name>.text:get_Row</name>
         <load_address>0x9f08</load_address>
         <run_address>0x9f08</run_address>
         <size>0x42</size>
         <input_file_ref idref="fl-2"/>
      </object_component>
      <object_component id="oc-42b">
         <name>.text:__memcpy_far</name>
         <load_address>0x9f4a</load_address>
         <run_address>0x9f4a</run_address>
         <size>0x40</size>
         <input_file_ref idref="fl-52"/>
      </object_component>
      <object_component id="oc-5be">
         <name>.text:__mspabi_srall</name>
         <load_address>0x9f8a</load_address>
         <run_address>0x9f8a</run_address>
         <size>0x40</size>
         <input_file_ref idref="fl-74"/>
      </object_component>
      <object_component id="oc-5f2">
         <name>.text:I2C_INIT</name>
         <load_address>0x9fca</load_address>
         <run_address>0x9fca</run_address>
         <size>0x3e</size>
         <input_file_ref idref="fl-2"/>
      </object_component>
      <object_component id="oc-454">
         <name>.text:decompress:ZI:__TI_zero_init_nomemset:__TI_zero_init_nomemset</name>
         <load_address>0xa008</load_address>
         <run_address>0xa008</run_address>
         <size>0x3e</size>
         <input_file_ref idref="fl-51"/>
      </object_component>
      <object_component id="oc-5b2">
         <name>.text:l_asr_const</name>
         <load_address>0xa046</load_address>
         <run_address>0xa046</run_address>
         <size>0x3e</size>
         <input_file_ref idref="fl-73"/>
      </object_component>
      <object_component id="oc-5ab">
         <name>.text:l_lsl_const</name>
         <load_address>0xa084</load_address>
         <run_address>0xa084</run_address>
         <size>0x3e</size>
         <input_file_ref idref="fl-71"/>
      </object_component>
      <object_component id="oc-5cf">
         <name>.text:l_lsr_const</name>
         <load_address>0xa0c2</load_address>
         <run_address>0xa0c2</run_address>
         <size>0x3e</size>
         <input_file_ref idref="fl-76"/>
      </object_component>
      <object_component id="oc-5fe">
         <name>.text:ADCInit</name>
         <load_address>0xa100</load_address>
         <run_address>0xa100</run_address>
         <size>0x3c</size>
         <input_file_ref idref="fl-2"/>
      </object_component>
      <object_component id="oc-561">
         <name>.text:__mpu_init</name>
         <load_address>0xa13c</load_address>
         <run_address>0xa13c</run_address>
         <size>0x3c</size>
         <input_file_ref idref="fl-7a"/>
      </object_component>
      <object_component id="oc-6c">
         <name>.text:decompress:none:__TI_decompress_none</name>
         <load_address>0xa178</load_address>
         <run_address>0xa178</run_address>
         <size>0x3c</size>
         <input_file_ref idref="fl-3b"/>
      </object_component>
      <object_component id="oc-5c4">
         <name>.text:__mspabi_sllll</name>
         <load_address>0xa1b4</load_address>
         <run_address>0xa1b4</run_address>
         <size>0x3a</size>
         <input_file_ref idref="fl-72"/>
      </object_component>
      <object_component id="oc-667">
         <name>.text:__mspabi_srlll</name>
         <load_address>0xa1ee</load_address>
         <run_address>0xa1ee</run_address>
         <size>0x3a</size>
         <input_file_ref idref="fl-77"/>
      </object_component>
      <object_component id="oc-604">
         <name>.text:fullSecond</name>
         <load_address>0xa228</load_address>
         <run_address>0xa228</run_address>
         <size>0x36</size>
         <input_file_ref idref="fl-2"/>
      </object_component>
      <object_component id="oc-523">
         <name>.text</name>
         <load_address>0xa25e</load_address>
         <run_address>0xa25e</run_address>
         <size>0x36</size>
         <input_file_ref idref="fl-60"/>
      </object_component>
      <object_component id="oc-506">
         <name>.text:__mspabi_subd</name>
         <load_address>0xa294</load_address>
         <run_address>0xa294</run_address>
         <size>0x2e</size>
         <input_file_ref idref="fl-78"/>
      </object_component>
      <object_component id="oc-662">
         <name>.text:__mpyull</name>
         <load_address>0xa2c2</load_address>
         <run_address>0xa2c2</run_address>
         <size>0x2c</size>
         <input_file_ref idref="fl-6d"/>
      </object_component>
      <object_component id="oc-69c">
         <name>.text</name>
         <load_address>0xa2ee</load_address>
         <run_address>0xa2ee</run_address>
         <size>0x2c</size>
         <input_file_ref idref="fl-5b"/>
      </object_component>
      <object_component id="oc-60a">
         <name>.text:halfSecond</name>
         <load_address>0xa31a</load_address>
         <run_address>0xa31a</run_address>
         <size>0x28</size>
         <input_file_ref idref="fl-2"/>
      </object_component>
      <object_component id="oc-4d7">
         <name>.text:delay</name>
         <load_address>0xa342</load_address>
         <run_address>0xa342</run_address>
         <size>0x24</size>
         <input_file_ref idref="fl-2"/>
      </object_component>
      <object_component id="oc-670">
         <name>.text</name>
         <load_address>0xa366</load_address>
         <run_address>0xa366</run_address>
         <size>0x24</size>
         <input_file_ref idref="fl-69"/>
      </object_component>
      <object_component id="oc-5f8">
         <name>.text:keypadInit</name>
         <load_address>0xa38a</load_address>
         <run_address>0xa38a</run_address>
         <size>0x20</size>
         <input_file_ref idref="fl-2"/>
      </object_component>
      <object_component id="oc-4b1">
         <name>.text:clearRTC</name>
         <load_address>0xa3aa</load_address>
         <run_address>0xa3aa</run_address>
         <size>0x1a</size>
         <input_file_ref idref="fl-2"/>
      </object_component>
      <object_component id="oc-675">
         <name>.text</name>
         <load_address>0xa3c4</load_address>
         <run_address>0xa3c4</run_address>
         <size>0x18</size>
         <input_file_ref idref="fl-67"/>
      </object_component>
      <object_component id="oc-5ec">
         <name>.text:timerInit</name>
         <load_address>0xa3dc</load_address>
         <run_address>0xa3dc</run_address>
         <size>0x18</size>
         <input_file_ref idref="fl-2"/>
      </object_component>
      <object_component id="oc-4cb">
         <name>.text:cool</name>
         <load_address>0xa3f4</load_address>
         <run_address>0xa3f4</run_address>
         <size>0x16</size>
         <input_file_ref idref="fl-2"/>
      </object_component>
      <object_component id="oc-4c5">
         <name>.text:heat</name>
         <load_address>0xa40a</load_address>
         <run_address>0xa40a</run_address>
         <size>0x16</size>
         <input_file_ref idref="fl-2"/>
      </object_component>
      <object_component id="oc-6e6">
         <name>.text</name>
         <load_address>0xa420</load_address>
         <run_address>0xa420</run_address>
         <size>0x16</size>
         <input_file_ref idref="fl-5d"/>
      </object_component>
      <object_component id="oc-5d9">
         <name>.text:l_lsl</name>
         <load_address>0xa436</load_address>
         <run_address>0xa436</run_address>
         <size>0x10</size>
         <input_file_ref idref="fl-71"/>
      </object_component>
      <object_component id="oc-5d4">
         <name>.text:l_lsr</name>
         <load_address>0xa446</load_address>
         <run_address>0xa446</run_address>
         <size>0x10</size>
         <input_file_ref idref="fl-76"/>
      </object_component>
      <object_component id="oc-4dd">
         <name>.text:off</name>
         <load_address>0xa456</load_address>
         <run_address>0xa456</run_address>
         <size>0x10</size>
         <input_file_ref idref="fl-2"/>
      </object_component>
      <object_component id="oc-580">
         <name>.text:clearLCDArray</name>
         <load_address>0xa466</load_address>
         <run_address>0xa466</run_address>
         <size>0xe</size>
         <input_file_ref idref="fl-2"/>
      </object_component>
      <object_component id="oc-4e8">
         <name>.text:__mspabi_fltud</name>
         <load_address>0xa474</load_address>
         <run_address>0xa474</run_address>
         <size>0x6</size>
         <input_file_ref idref="fl-61"/>
      </object_component>
      <object_component id="oc-611">
         <name>.text:abort</name>
         <load_address>0xa47a</load_address>
         <run_address>0xa47a</run_address>
         <size>0x6</size>
         <input_file_ref idref="fl-80"/>
      </object_component>
      <object_component id="oc-549">
         <name>.text:_system_pre_init</name>
         <load_address>0xa480</load_address>
         <run_address>0xa480</run_address>
         <size>0x4</size>
         <input_file_ref idref="fl-7e"/>
      </object_component>
      <object_component id="oc-6bb">
         <name>.text:_system_post_cinit</name>
         <load_address>0xa484</load_address>
         <run_address>0xa484</run_address>
         <size>0x2</size>
         <input_file_ref idref="fl-7d"/>
      </object_component>
      <object_component id="oc-448">
         <name>.text:_isr:EUSCI_B1_I2C_ISR</name>
         <load_address>0xa486</load_address>
         <run_address>0xa486</run_address>
         <size>0x222</size>
         <input_file_ref idref="fl-2"/>
      </object_component>
      <object_component id="oc-43c">
         <name>.text:_isr:ISR_Port3_LSN</name>
         <load_address>0xa6a8</load_address>
         <run_address>0xa6a8</run_address>
         <size>0x200</size>
         <input_file_ref idref="fl-2"/>
      </object_component>
      <object_component id="oc-442">
         <name>.text:_isr:ADC_ISR</name>
         <load_address>0xa8a8</load_address>
         <run_address>0xa8a8</run_address>
         <size>0x1fa</size>
         <input_file_ref idref="fl-2"/>
      </object_component>
      <object_component id="oc-47e">
         <name>.text:_isr:_c_int00_noargs_mpu</name>
         <load_address>0xaaa2</load_address>
         <run_address>0xaaa2</run_address>
         <size>0x20</size>
         <input_file_ref idref="fl-79"/>
      </object_component>
      <object_component id="oc-44e">
         <name>.text:_isr:ISR_TB0_Overflow</name>
         <load_address>0xaac2</load_address>
         <run_address>0xaac2</run_address>
         <size>0x18</size>
         <input_file_ref idref="fl-2"/>
      </object_component>
      <object_component id="oc-437">
         <name>.text:_isr:__TI_ISR_TRAP</name>
         <load_address>0xaada</load_address>
         <run_address>0xaada</run_address>
         <size>0x8</size>
         <input_file_ref idref="fl-3d"/>
      </object_component>
      <object_component id="oc-540">
         <name>.common:t</name>
         <uninitialized>true</uninitialized>
         <run_address>0x2062</run_address>
         <size>0x2</size>
      </object_component>
      <object_component id="oc-4a7">
         <name>.common:switch_In</name>
         <uninitialized>true</uninitialized>
         <run_address>0x2060</run_address>
         <size>0x2</size>
      </object_component>
      <object_component id="oc-4e3">
         <name>.common:i</name>
         <uninitialized>true</uninitialized>
         <run_address>0x205c</run_address>
         <size>0x2</size>
      </object_component>
      <object_component id="oc-4b0">
         <name>.common:char_In</name>
         <uninitialized>true</uninitialized>
         <run_address>0x2064</run_address>
         <size>0x1</size>
      </object_component>
      <object_component id="oc-4be">
         <name>.common:I2C_Message</name>
         <uninitialized>true</uninitialized>
         <run_address>0x2058</run_address>
         <size>0x2</size>
      </object_component>
      <object_component id="oc-51d">
         <name>.common:tempArray</name>
         <uninitialized>true</uninitialized>
         <run_address>0x2024</run_address>
         <size>0x24</size>
      </object_component>
      <object_component id="oc-537">
         <name>.common:LM92_array</name>
         <uninitialized>true</uninitialized>
         <run_address>0x2000</run_address>
         <size>0x24</size>
      </object_component>
      <object_component id="oc-4b7">
         <name>.common:lcdArray</name>
         <uninitialized>true</uninitialized>
         <run_address>0x2048</run_address>
         <size>0x6</size>
      </object_component>
      <object_component id="oc-53e">
         <name>.common:seconds</name>
         <uninitialized>true</uninitialized>
         <run_address>0x205e</run_address>
         <size>0x2</size>
      </object_component>
      <object_component id="oc-52f">
         <name>.common:Data_in1</name>
         <uninitialized>true</uninitialized>
         <run_address>0x2052</run_address>
         <size>0x2</size>
      </object_component>
      <object_component id="oc-52e">
         <name>.common:Data_in2</name>
         <uninitialized>true</uninitialized>
         <run_address>0x2054</run_address>
         <size>0x2</size>
      </object_component>
      <object_component id="oc-53d">
         <name>.common:Data_in3</name>
         <uninitialized>true</uninitialized>
         <run_address>0x2056</run_address>
         <size>0x2</size>
      </object_component>
      <object_component id="oc-530">
         <name>.common:finalData</name>
         <uninitialized>true</uninitialized>
         <run_address>0x205a</run_address>
         <size>0x2</size>
      </object_component>
      <object_component id="oc-536">
         <name>.common:temp</name>
         <uninitialized>true</uninitialized>
         <run_address>0x204e</run_address>
         <size>0x4</size>
      </object_component>
      <object_component id="oc-4e4">
         <name>.data</name>
         <load_address>0x2066</load_address>
         <run_address>0x2066</run_address>
         <size>0x28</size>
         <input_file_ref idref="fl-2"/>
      </object_component>
      <object_component id="oc-5cc">
         <name>.data</name>
         <load_address>0x208e</load_address>
         <run_address>0x208e</run_address>
         <size>0x2</size>
         <input_file_ref idref="fl-85"/>
      </object_component>
      <object_component id="oc-41c">
         <name>.stack</name>
         <uninitialized>true</uninitialized>
         <run_address>0x2f60</run_address>
         <size>0x2</size>
         <input_file_ref idref="fl-79"/>
      </object_component>
      <object_component id="oc-795">
         <name>.stack</name>
         <uninitialized>true</uninitialized>
         <run_address>0x2f60</run_address>
         <size>0x0</size>
      </object_component>
      <object_component id="oc-72">
         <name>.int22</name>
         <load_address>0xffce</load_address>
         <run_address>0xffce</run_address>
         <size>0x2</size>
         <input_file_ref idref="fl-3c"/>
      </object_component>
      <object_component id="oc-73">
         <name>.int23</name>
         <load_address>0xffd0</load_address>
         <run_address>0xffd0</run_address>
         <size>0x2</size>
         <input_file_ref idref="fl-2"/>
      </object_component>
      <object_component id="oc-74">
         <name>.int24</name>
         <load_address>0xffd2</load_address>
         <run_address>0xffd2</run_address>
         <size>0x2</size>
         <input_file_ref idref="fl-3e"/>
      </object_component>
      <object_component id="oc-75">
         <name>.int25</name>
         <load_address>0xffd4</load_address>
         <run_address>0xffd4</run_address>
         <size>0x2</size>
         <input_file_ref idref="fl-3f"/>
      </object_component>
      <object_component id="oc-76">
         <name>.int26</name>
         <load_address>0xffd6</load_address>
         <run_address>0xffd6</run_address>
         <size>0x2</size>
         <input_file_ref idref="fl-40"/>
      </object_component>
      <object_component id="oc-77">
         <name>.int27</name>
         <load_address>0xffd8</load_address>
         <run_address>0xffd8</run_address>
         <size>0x2</size>
         <input_file_ref idref="fl-41"/>
      </object_component>
      <object_component id="oc-78">
         <name>.int28</name>
         <load_address>0xffda</load_address>
         <run_address>0xffda</run_address>
         <size>0x2</size>
         <input_file_ref idref="fl-42"/>
      </object_component>
      <object_component id="oc-79">
         <name>.int29</name>
         <load_address>0xffdc</load_address>
         <run_address>0xffdc</run_address>
         <size>0x2</size>
         <input_file_ref idref="fl-2"/>
      </object_component>
      <object_component id="oc-7a">
         <name>.int30</name>
         <load_address>0xffde</load_address>
         <run_address>0xffde</run_address>
         <size>0x2</size>
         <input_file_ref idref="fl-2"/>
      </object_component>
      <object_component id="oc-7b">
         <name>.int31</name>
         <load_address>0xffe0</load_address>
         <run_address>0xffe0</run_address>
         <size>0x2</size>
         <input_file_ref idref="fl-43"/>
      </object_component>
      <object_component id="oc-7c">
         <name>.int32</name>
         <load_address>0xffe2</load_address>
         <run_address>0xffe2</run_address>
         <size>0x2</size>
         <input_file_ref idref="fl-44"/>
      </object_component>
      <object_component id="oc-7d">
         <name>.int33</name>
         <load_address>0xffe4</load_address>
         <run_address>0xffe4</run_address>
         <size>0x2</size>
         <input_file_ref idref="fl-45"/>
      </object_component>
      <object_component id="oc-7e">
         <name>.int34</name>
         <load_address>0xffe6</load_address>
         <run_address>0xffe6</run_address>
         <size>0x2</size>
         <input_file_ref idref="fl-46"/>
      </object_component>
      <object_component id="oc-7f">
         <name>.int35</name>
         <load_address>0xffe8</load_address>
         <run_address>0xffe8</run_address>
         <size>0x2</size>
         <input_file_ref idref="fl-47"/>
      </object_component>
      <object_component id="oc-80">
         <name>.int36</name>
         <load_address>0xffea</load_address>
         <run_address>0xffea</run_address>
         <size>0x2</size>
         <input_file_ref idref="fl-48"/>
      </object_component>
      <object_component id="oc-81">
         <name>.int37</name>
         <load_address>0xffec</load_address>
         <run_address>0xffec</run_address>
         <size>0x2</size>
         <input_file_ref idref="fl-49"/>
      </object_component>
      <object_component id="oc-82">
         <name>.int38</name>
         <load_address>0xffee</load_address>
         <run_address>0xffee</run_address>
         <size>0x2</size>
         <input_file_ref idref="fl-4a"/>
      </object_component>
      <object_component id="oc-83">
         <name>.int39</name>
         <load_address>0xfff0</load_address>
         <run_address>0xfff0</run_address>
         <size>0x2</size>
         <input_file_ref idref="fl-4b"/>
      </object_component>
      <object_component id="oc-84">
         <name>.int40</name>
         <load_address>0xfff2</load_address>
         <run_address>0xfff2</run_address>
         <size>0x2</size>
         <input_file_ref idref="fl-4c"/>
      </object_component>
      <object_component id="oc-85">
         <name>.int41</name>
         <load_address>0xfff4</load_address>
         <run_address>0xfff4</run_address>
         <size>0x2</size>
         <input_file_ref idref="fl-4d"/>
      </object_component>
      <object_component id="oc-86">
         <name>.int42</name>
         <load_address>0xfff6</load_address>
         <run_address>0xfff6</run_address>
         <size>0x2</size>
         <input_file_ref idref="fl-4e"/>
      </object_component>
      <object_component id="oc-87">
         <name>.int43</name>
         <load_address>0xfff8</load_address>
         <run_address>0xfff8</run_address>
         <size>0x2</size>
         <input_file_ref idref="fl-2"/>
      </object_component>
      <object_component id="oc-88">
         <name>.int44</name>
         <load_address>0xfffa</load_address>
         <run_address>0xfffa</run_address>
         <size>0x2</size>
         <input_file_ref idref="fl-4f"/>
      </object_component>
      <object_component id="oc-89">
         <name>.int45</name>
         <load_address>0xfffc</load_address>
         <run_address>0xfffc</run_address>
         <size>0x2</size>
         <input_file_ref idref="fl-50"/>
      </object_component>
      <object_component id="oc-41f">
         <name>.reset</name>
         <load_address>0xfffe</load_address>
         <run_address>0xfffe</run_address>
         <size>0x2</size>
         <input_file_ref idref="fl-79"/>
      </object_component>
      <object_component id="oc-4a8">
         <name>.debug_info</name>
         <load_address>0x0</load_address>
         <run_address>0x0</run_address>
         <size>0x843</size>
         <input_file_ref idref="fl-2"/>
      </object_component>
      <object_component id="oc-4e5">
         <name>.debug_info</name>
         <load_address>0x843</load_address>
         <run_address>0x843</run_address>
         <size>0x2b0</size>
         <input_file_ref idref="fl-2"/>
      </object_component>
      <object_component id="oc-5ed">
         <name>.debug_info</name>
         <load_address>0xaf3</load_address>
         <run_address>0xaf3</run_address>
         <size>0x10a</size>
         <input_file_ref idref="fl-2"/>
      </object_component>
      <object_component id="oc-4de">
         <name>.debug_info</name>
         <load_address>0xbfd</load_address>
         <run_address>0xbfd</run_address>
         <size>0xfe</size>
         <input_file_ref idref="fl-2"/>
      </object_component>
      <object_component id="oc-5f3">
         <name>.debug_info</name>
         <load_address>0xcfb</load_address>
         <run_address>0xcfb</run_address>
         <size>0x10b</size>
         <input_file_ref idref="fl-2"/>
      </object_component>
      <object_component id="oc-5f9">
         <name>.debug_info</name>
         <load_address>0xe06</load_address>
         <run_address>0xe06</run_address>
         <size>0x10f</size>
         <input_file_ref idref="fl-2"/>
      </object_component>
      <object_component id="oc-5ff">
         <name>.debug_info</name>
         <load_address>0xf15</load_address>
         <run_address>0xf15</run_address>
         <size>0x107</size>
         <input_file_ref idref="fl-2"/>
      </object_component>
      <object_component id="oc-550">
         <name>.debug_info</name>
         <load_address>0x101c</load_address>
         <run_address>0x101c</run_address>
         <size>0x16a</size>
         <input_file_ref idref="fl-2"/>
      </object_component>
      <object_component id="oc-4c6">
         <name>.debug_info</name>
         <load_address>0x1186</load_address>
         <run_address>0x1186</run_address>
         <size>0x100</size>
         <input_file_ref idref="fl-2"/>
      </object_component>
      <object_component id="oc-60b">
         <name>.debug_info</name>
         <load_address>0x1286</load_address>
         <run_address>0x1286</run_address>
         <size>0x11e</size>
         <input_file_ref idref="fl-2"/>
      </object_component>
      <object_component id="oc-49c">
         <name>.debug_info</name>
         <load_address>0x13a4</load_address>
         <run_address>0x13a4</run_address>
         <size>0x118</size>
         <input_file_ref idref="fl-2"/>
      </object_component>
      <object_component id="oc-4a2">
         <name>.debug_info</name>
         <load_address>0x14bc</load_address>
         <run_address>0x14bc</run_address>
         <size>0x10d</size>
         <input_file_ref idref="fl-2"/>
      </object_component>
      <object_component id="oc-4ab">
         <name>.debug_info</name>
         <load_address>0x15c9</load_address>
         <run_address>0x15c9</run_address>
         <size>0x126</size>
         <input_file_ref idref="fl-2"/>
      </object_component>
      <object_component id="oc-605">
         <name>.debug_info</name>
         <load_address>0x16ef</load_address>
         <run_address>0x16ef</run_address>
         <size>0x17c</size>
         <input_file_ref idref="fl-2"/>
      </object_component>
      <object_component id="oc-4cc">
         <name>.debug_info</name>
         <load_address>0x186b</load_address>
         <run_address>0x186b</run_address>
         <size>0x100</size>
         <input_file_ref idref="fl-2"/>
      </object_component>
      <object_component id="oc-4d2">
         <name>.debug_info</name>
         <load_address>0x196b</load_address>
         <run_address>0x196b</run_address>
         <size>0x170</size>
         <input_file_ref idref="fl-2"/>
      </object_component>
      <object_component id="oc-4d8">
         <name>.debug_info</name>
         <load_address>0x1adb</load_address>
         <run_address>0x1adb</run_address>
         <size>0x11b</size>
         <input_file_ref idref="fl-2"/>
      </object_component>
      <object_component id="oc-4b2">
         <name>.debug_info</name>
         <load_address>0x1bf6</load_address>
         <run_address>0x1bf6</run_address>
         <size>0x10b</size>
         <input_file_ref idref="fl-2"/>
      </object_component>
      <object_component id="oc-581">
         <name>.debug_info</name>
         <load_address>0x1d01</load_address>
         <run_address>0x1d01</run_address>
         <size>0x115</size>
         <input_file_ref idref="fl-2"/>
      </object_component>
      <object_component id="oc-44f">
         <name>.debug_info</name>
         <load_address>0x1e16</load_address>
         <run_address>0x1e16</run_address>
         <size>0x11c</size>
         <input_file_ref idref="fl-2"/>
      </object_component>
      <object_component id="oc-4b9">
         <name>.debug_info</name>
         <load_address>0x1f32</load_address>
         <run_address>0x1f32</run_address>
         <size>0x123</size>
         <input_file_ref idref="fl-2"/>
      </object_component>
      <object_component id="oc-4c0">
         <name>.debug_info</name>
         <load_address>0x2055</load_address>
         <run_address>0x2055</run_address>
         <size>0x10f</size>
         <input_file_ref idref="fl-2"/>
      </object_component>
      <object_component id="oc-43d">
         <name>.debug_info</name>
         <load_address>0x2164</load_address>
         <run_address>0x2164</run_address>
         <size>0x26c</size>
         <input_file_ref idref="fl-2"/>
      </object_component>
      <object_component id="oc-697">
         <name>.debug_info</name>
         <load_address>0x23d0</load_address>
         <run_address>0x23d0</run_address>
         <size>0x10f</size>
         <input_file_ref idref="fl-2"/>
      </object_component>
      <object_component id="oc-6a3">
         <name>.debug_info</name>
         <load_address>0x24df</load_address>
         <run_address>0x24df</run_address>
         <size>0x111</size>
         <input_file_ref idref="fl-2"/>
      </object_component>
      <object_component id="oc-449">
         <name>.debug_info</name>
         <load_address>0x25f0</load_address>
         <run_address>0x25f0</run_address>
         <size>0x22e</size>
         <input_file_ref idref="fl-2"/>
      </object_component>
      <object_component id="oc-443">
         <name>.debug_info</name>
         <load_address>0x281e</load_address>
         <run_address>0x281e</run_address>
         <size>0x246</size>
         <input_file_ref idref="fl-2"/>
      </object_component>
      <object_component id="oc-579">
         <name>.debug_info</name>
         <load_address>0x2a64</load_address>
         <run_address>0x2a64</run_address>
         <size>0x26b</size>
         <input_file_ref idref="fl-2"/>
      </object_component>
      <object_component id="oc-426">
         <name>.debug_info</name>
         <load_address>0x2ccf</load_address>
         <run_address>0x2ccf</run_address>
         <size>0x84</size>
         <input_file_ref idref="fl-2"/>
      </object_component>
      <object_component id="oc-655">
         <name>.debug_info</name>
         <load_address>0x2d53</load_address>
         <run_address>0x2d53</run_address>
         <size>0x282</size>
         <input_file_ref idref="fl-2"/>
      </object_component>
      <object_component id="oc-574">
         <name>.debug_info</name>
         <load_address>0x2fd5</load_address>
         <run_address>0x2fd5</run_address>
         <size>0xbb</size>
         <input_file_ref idref="fl-2"/>
      </object_component>
      <object_component id="oc-69">
         <name>.debug_info</name>
         <load_address>0x3090</load_address>
         <run_address>0x3090</run_address>
         <size>0x2b8</size>
         <input_file_ref idref="fl-3a"/>
      </object_component>
      <object_component id="oc-56b">
         <name>.debug_info</name>
         <load_address>0x3348</load_address>
         <run_address>0x3348</run_address>
         <size>0x46</size>
         <input_file_ref idref="fl-3a"/>
      </object_component>
      <object_component id="oc-492">
         <name>.debug_info</name>
         <load_address>0x338e</load_address>
         <run_address>0x338e</run_address>
         <size>0x39</size>
         <input_file_ref idref="fl-3a"/>
      </object_component>
      <object_component id="oc-421">
         <name>.debug_info</name>
         <load_address>0x33c7</load_address>
         <run_address>0x33c7</run_address>
         <size>0x60</size>
         <input_file_ref idref="fl-3a"/>
      </object_component>
      <object_component id="oc-436">
         <name>.debug_info</name>
         <load_address>0x3427</load_address>
         <run_address>0x3427</run_address>
         <size>0x1da</size>
         <input_file_ref idref="fl-3b"/>
      </object_component>
      <object_component id="oc-6f">
         <name>.debug_info</name>
         <load_address>0x3601</load_address>
         <run_address>0x3601</run_address>
         <size>0x1f2</size>
         <input_file_ref idref="fl-3b"/>
      </object_component>
      <object_component id="oc-431">
         <name>.debug_info</name>
         <load_address>0x37f3</load_address>
         <run_address>0x37f3</run_address>
         <size>0x46</size>
         <input_file_ref idref="fl-3b"/>
      </object_component>
      <object_component id="oc-438">
         <name>.debug_info</name>
         <load_address>0x3839</load_address>
         <run_address>0x3839</run_address>
         <size>0x10f</size>
         <input_file_ref idref="fl-3d"/>
      </object_component>
      <object_component id="oc-455">
         <name>.debug_info</name>
         <load_address>0x3948</load_address>
         <run_address>0x3948</run_address>
         <size>0x1d3</size>
         <input_file_ref idref="fl-51"/>
      </object_component>
      <object_component id="oc-543">
         <name>.debug_info</name>
         <load_address>0x3b1b</load_address>
         <run_address>0x3b1b</run_address>
         <size>0x46</size>
         <input_file_ref idref="fl-51"/>
      </object_component>
      <object_component id="oc-42c">
         <name>.debug_info</name>
         <load_address>0x3b61</load_address>
         <run_address>0x3b61</run_address>
         <size>0x121</size>
         <input_file_ref idref="fl-52"/>
      </object_component>
      <object_component id="oc-5cb">
         <name>.debug_info</name>
         <load_address>0x3c82</load_address>
         <run_address>0x3c82</run_address>
         <size>0x15f</size>
         <input_file_ref idref="fl-53"/>
      </object_component>
      <object_component id="oc-50d">
         <name>.debug_info</name>
         <load_address>0x3de1</load_address>
         <run_address>0x3de1</run_address>
         <size>0x3a0</size>
         <input_file_ref idref="fl-53"/>
      </object_component>
      <object_component id="oc-519">
         <name>.debug_info</name>
         <load_address>0x4181</load_address>
         <run_address>0x4181</run_address>
         <size>0x121</size>
         <input_file_ref idref="fl-54"/>
      </object_component>
      <object_component id="oc-520">
         <name>.debug_info</name>
         <load_address>0x42a2</load_address>
         <run_address>0x42a2</run_address>
         <size>0x12d</size>
         <input_file_ref idref="fl-55"/>
      </object_component>
      <object_component id="oc-5b1">
         <name>.debug_info</name>
         <load_address>0x43cf</load_address>
         <run_address>0x43cf</run_address>
         <size>0x160</size>
         <input_file_ref idref="fl-56"/>
      </object_component>
      <object_component id="oc-4fb">
         <name>.debug_info</name>
         <load_address>0x452f</load_address>
         <run_address>0x452f</run_address>
         <size>0x1db</size>
         <input_file_ref idref="fl-56"/>
      </object_component>
      <object_component id="oc-5b8">
         <name>.debug_info</name>
         <load_address>0x470a</load_address>
         <run_address>0x470a</run_address>
         <size>0xdb</size>
         <input_file_ref idref="fl-56"/>
      </object_component>
      <object_component id="oc-504">
         <name>.debug_info</name>
         <load_address>0x47e5</load_address>
         <run_address>0x47e5</run_address>
         <size>0x19c</size>
         <input_file_ref idref="fl-57"/>
      </object_component>
      <object_component id="oc-5aa">
         <name>.debug_info</name>
         <load_address>0x4981</load_address>
         <run_address>0x4981</run_address>
         <size>0x19d</size>
         <input_file_ref idref="fl-58"/>
      </object_component>
      <object_component id="oc-4f6">
         <name>.debug_info</name>
         <load_address>0x4b1e</load_address>
         <run_address>0x4b1e</run_address>
         <size>0x252</size>
         <input_file_ref idref="fl-58"/>
      </object_component>
      <object_component id="oc-59e">
         <name>.debug_info</name>
         <load_address>0x4d70</load_address>
         <run_address>0x4d70</run_address>
         <size>0x94</size>
         <input_file_ref idref="fl-58"/>
      </object_component>
      <object_component id="oc-67b">
         <name>.debug_info</name>
         <load_address>0x4e04</load_address>
         <run_address>0x4e04</run_address>
         <size>0x16d</size>
         <input_file_ref idref="fl-59"/>
      </object_component>
      <object_component id="oc-5a6">
         <name>.debug_info</name>
         <load_address>0x4f71</load_address>
         <run_address>0x4f71</run_address>
         <size>0x5bd</size>
         <input_file_ref idref="fl-59"/>
      </object_component>
      <object_component id="oc-52a">
         <name>.debug_info</name>
         <load_address>0x552e</load_address>
         <run_address>0x552e</run_address>
         <size>0x121</size>
         <input_file_ref idref="fl-5a"/>
      </object_component>
      <object_component id="oc-69e">
         <name>.debug_info</name>
         <load_address>0x564f</load_address>
         <run_address>0x564f</run_address>
         <size>0x135</size>
         <input_file_ref idref="fl-5b"/>
      </object_component>
      <object_component id="oc-6e8">
         <name>.debug_info</name>
         <load_address>0x5784</load_address>
         <run_address>0x5784</run_address>
         <size>0x121</size>
         <input_file_ref idref="fl-5d"/>
      </object_component>
      <object_component id="oc-539">
         <name>.debug_info</name>
         <load_address>0x58a5</load_address>
         <run_address>0x58a5</run_address>
         <size>0x135</size>
         <input_file_ref idref="fl-5f"/>
      </object_component>
      <object_component id="oc-525">
         <name>.debug_info</name>
         <load_address>0x59da</load_address>
         <run_address>0x59da</run_address>
         <size>0x12a</size>
         <input_file_ref idref="fl-60"/>
      </object_component>
      <object_component id="oc-4e9">
         <name>.debug_info</name>
         <load_address>0x5b04</load_address>
         <run_address>0x5b04</run_address>
         <size>0x166</size>
         <input_file_ref idref="fl-61"/>
      </object_component>
      <object_component id="oc-65c">
         <name>.debug_info</name>
         <load_address>0x5c6a</load_address>
         <run_address>0x5c6a</run_address>
         <size>0x166</size>
         <input_file_ref idref="fl-62"/>
      </object_component>
      <object_component id="oc-593">
         <name>.debug_info</name>
         <load_address>0x5dd0</load_address>
         <run_address>0x5dd0</run_address>
         <size>0x1c1</size>
         <input_file_ref idref="fl-62"/>
      </object_component>
      <object_component id="oc-59d">
         <name>.debug_info</name>
         <load_address>0x5f91</load_address>
         <run_address>0x5f91</run_address>
         <size>0x192</size>
         <input_file_ref idref="fl-63"/>
      </object_component>
      <object_component id="oc-4ef">
         <name>.debug_info</name>
         <load_address>0x6123</load_address>
         <run_address>0x6123</run_address>
         <size>0x295</size>
         <input_file_ref idref="fl-63"/>
      </object_component>
      <object_component id="oc-59a">
         <name>.debug_info</name>
         <load_address>0x63b8</load_address>
         <run_address>0x63b8</run_address>
         <size>0x244</size>
         <input_file_ref idref="fl-64"/>
      </object_component>
      <object_component id="oc-532">
         <name>.debug_info</name>
         <load_address>0x65fc</load_address>
         <run_address>0x65fc</run_address>
         <size>0x121</size>
         <input_file_ref idref="fl-65"/>
      </object_component>
      <object_component id="oc-676">
         <name>.debug_info</name>
         <load_address>0x671d</load_address>
         <run_address>0x671d</run_address>
         <size>0x130</size>
         <input_file_ref idref="fl-67"/>
      </object_component>
      <object_component id="oc-671">
         <name>.debug_info</name>
         <load_address>0x684d</load_address>
         <run_address>0x684d</run_address>
         <size>0x130</size>
         <input_file_ref idref="fl-69"/>
      </object_component>
      <object_component id="oc-65e">
         <name>.debug_info</name>
         <load_address>0x697d</load_address>
         <run_address>0x697d</run_address>
         <size>0x132</size>
         <input_file_ref idref="fl-6b"/>
      </object_component>
      <object_component id="oc-663">
         <name>.debug_info</name>
         <load_address>0x6aaf</load_address>
         <run_address>0x6aaf</run_address>
         <size>0x136</size>
         <input_file_ref idref="fl-6d"/>
      </object_component>
      <object_component id="oc-5da">
         <name>.debug_info</name>
         <load_address>0x6be5</load_address>
         <run_address>0x6be5</run_address>
         <size>0x120</size>
         <input_file_ref idref="fl-71"/>
      </object_component>
      <object_component id="oc-5ac">
         <name>.debug_info</name>
         <load_address>0x6d05</load_address>
         <run_address>0x6d05</run_address>
         <size>0x126</size>
         <input_file_ref idref="fl-71"/>
      </object_component>
      <object_component id="oc-5c5">
         <name>.debug_info</name>
         <load_address>0x6e2b</load_address>
         <run_address>0x6e2b</run_address>
         <size>0x188</size>
         <input_file_ref idref="fl-72"/>
      </object_component>
      <object_component id="oc-5b3">
         <name>.debug_info</name>
         <load_address>0x6fb3</load_address>
         <run_address>0x6fb3</run_address>
         <size>0x126</size>
         <input_file_ref idref="fl-73"/>
      </object_component>
      <object_component id="oc-5bf">
         <name>.debug_info</name>
         <load_address>0x70d9</load_address>
         <run_address>0x70d9</run_address>
         <size>0x188</size>
         <input_file_ref idref="fl-74"/>
      </object_component>
      <object_component id="oc-5d5">
         <name>.debug_info</name>
         <load_address>0x7261</load_address>
         <run_address>0x7261</run_address>
         <size>0x120</size>
         <input_file_ref idref="fl-76"/>
      </object_component>
      <object_component id="oc-5d0">
         <name>.debug_info</name>
         <load_address>0x7381</load_address>
         <run_address>0x7381</run_address>
         <size>0x126</size>
         <input_file_ref idref="fl-76"/>
      </object_component>
      <object_component id="oc-668">
         <name>.debug_info</name>
         <load_address>0x74a7</load_address>
         <run_address>0x74a7</run_address>
         <size>0x188</size>
         <input_file_ref idref="fl-77"/>
      </object_component>
      <object_component id="oc-507">
         <name>.debug_info</name>
         <load_address>0x762f</load_address>
         <run_address>0x762f</run_address>
         <size>0x1a3</size>
         <input_file_ref idref="fl-78"/>
      </object_component>
      <object_component id="oc-41d">
         <name>.debug_info</name>
         <load_address>0x77d2</load_address>
         <run_address>0x77d2</run_address>
         <size>0x100</size>
         <input_file_ref idref="fl-79"/>
      </object_component>
      <object_component id="oc-480">
         <name>.debug_info</name>
         <load_address>0x78d2</load_address>
         <run_address>0x78d2</run_address>
         <size>0x193</size>
         <input_file_ref idref="fl-79"/>
      </object_component>
      <object_component id="oc-562">
         <name>.debug_info</name>
         <load_address>0x7a65</load_address>
         <run_address>0x7a65</run_address>
         <size>0x1ae</size>
         <input_file_ref idref="fl-7a"/>
      </object_component>
      <object_component id="oc-650">
         <name>.debug_info</name>
         <load_address>0x7c13</load_address>
         <run_address>0x7c13</run_address>
         <size>0x18b</size>
         <input_file_ref idref="fl-7a"/>
      </object_component>
      <object_component id="oc-6c2">
         <name>.debug_info</name>
         <load_address>0x7d9e</load_address>
         <run_address>0x7d9e</run_address>
         <size>0x409</size>
         <input_file_ref idref="fl-7c"/>
      </object_component>
      <object_component id="oc-636">
         <name>.debug_info</name>
         <load_address>0x81a7</load_address>
         <run_address>0x81a7</run_address>
         <size>0x216</size>
         <input_file_ref idref="fl-7c"/>
      </object_component>
      <object_component id="oc-704">
         <name>.debug_info</name>
         <load_address>0x83bd</load_address>
         <run_address>0x83bd</run_address>
         <size>0x39</size>
         <input_file_ref idref="fl-7c"/>
      </object_component>
      <object_component id="oc-716">
         <name>.debug_info</name>
         <load_address>0x83f6</load_address>
         <run_address>0x83f6</run_address>
         <size>0x2c</size>
         <input_file_ref idref="fl-7c"/>
      </object_component>
      <object_component id="oc-6cd">
         <name>.debug_info</name>
         <load_address>0x8422</load_address>
         <run_address>0x8422</run_address>
         <size>0x2c</size>
         <input_file_ref idref="fl-7c"/>
      </object_component>
      <object_component id="oc-709">
         <name>.debug_info</name>
         <load_address>0x844e</load_address>
         <run_address>0x844e</run_address>
         <size>0xcd</size>
         <input_file_ref idref="fl-7c"/>
      </object_component>
      <object_component id="oc-6bc">
         <name>.debug_info</name>
         <load_address>0x851b</load_address>
         <run_address>0x851b</run_address>
         <size>0x150</size>
         <input_file_ref idref="fl-7d"/>
      </object_component>
      <object_component id="oc-54a">
         <name>.debug_info</name>
         <load_address>0x866b</load_address>
         <run_address>0x866b</run_address>
         <size>0x153</size>
         <input_file_ref idref="fl-7e"/>
      </object_component>
      <object_component id="oc-612">
         <name>.debug_info</name>
         <load_address>0x87be</load_address>
         <run_address>0x87be</run_address>
         <size>0x122</size>
         <input_file_ref idref="fl-80"/>
      </object_component>
      <object_component id="oc-5e4">
         <name>.debug_info</name>
         <load_address>0x88e0</load_address>
         <run_address>0x88e0</run_address>
         <size>0x178</size>
         <input_file_ref idref="fl-84"/>
      </object_component>
      <object_component id="oc-513">
         <name>.debug_info</name>
         <load_address>0x8a58</load_address>
         <run_address>0x8a58</run_address>
         <size>0x300</size>
         <input_file_ref idref="fl-84"/>
      </object_component>
      <object_component id="oc-68b">
         <name>.debug_info</name>
         <load_address>0x8d58</load_address>
         <run_address>0x8d58</run_address>
         <size>0x46</size>
         <input_file_ref idref="fl-84"/>
      </object_component>
      <object_component id="oc-5df">
         <name>.debug_info</name>
         <load_address>0x8d9e</load_address>
         <run_address>0x8d9e</run_address>
         <size>0x39</size>
         <input_file_ref idref="fl-84"/>
      </object_component>
      <object_component id="oc-5cd">
         <name>.debug_info</name>
         <load_address>0x8dd7</load_address>
         <run_address>0x8dd7</run_address>
         <size>0xfe</size>
         <input_file_ref idref="fl-85"/>
      </object_component>
      <object_component id="oc-796">
         <name>.debug_info</name>
         <load_address>0x8ed5</load_address>
         <run_address>0x8ed5</run_address>
         <size>0xad</size>
      </object_component>
      <object_component id="oc-573">
         <name>.debug_line</name>
         <load_address>0x0</load_address>
         <run_address>0x0</run_address>
         <size>0xd3</size>
         <input_file_ref idref="fl-2"/>
      </object_component>
      <object_component id="oc-58e">
         <name>.debug_line</name>
         <load_address>0xd3</load_address>
         <run_address>0xd3</run_address>
         <size>0x2d</size>
         <input_file_ref idref="fl-2"/>
      </object_component>
      <object_component id="oc-5f0">
         <name>.debug_line</name>
         <load_address>0x100</load_address>
         <run_address>0x100</run_address>
         <size>0x46</size>
         <input_file_ref idref="fl-2"/>
      </object_component>
      <object_component id="oc-4e1">
         <name>.debug_line</name>
         <load_address>0x146</load_address>
         <run_address>0x146</run_address>
         <size>0x45</size>
         <input_file_ref idref="fl-2"/>
      </object_component>
      <object_component id="oc-5f6">
         <name>.debug_line</name>
         <load_address>0x18b</load_address>
         <run_address>0x18b</run_address>
         <size>0x4d</size>
         <input_file_ref idref="fl-2"/>
[...]
      <symbol id="sm-555">
         <name>timerOutVar</name>
         <value>0x2068</value>
         <object_component_ref idref="oc-4e4"/>
      </symbol>
      <symbol id="sm-556">
         <name>get_Row</name>
         <value>0x9f08</value>
         <object_component_ref idref="oc-49b"/>
      </symbol>
      <symbol id="sm-557">
         <name>ADC_Value</name>
         <value>0x206a</value>
         <object_component_ref idref="oc-4e4"/>
      </symbol>
      <symbol id="sm-558">
         <name>timeOut</name>
         <value>0x2066</value>
         <object_component_ref idref="oc-4e4"/>
      </symbol>
      <symbol id="sm-559">
         <name>rtcFlag</name>
         <value>0x2088</value>
         <object_component_ref idref="oc-4e4"/>
      </symbol>
      <symbol id="sm-55a">
         <name>voltage</name>
         <value>0x2070</value>
         <object_component_ref idref="oc-4e4"/>
      </symbol>
      <symbol id="sm-55b">
         <name>get_Col</name>
         <value>0x9e72</value>
         <object_component_ref idref="oc-4a1"/>
      </symbol>
      <symbol id="sm-55c">
         <name>I2CSendLM92</name>
         <value>0x9b74</value>
         <object_component_ref idref="oc-6a2"/>
      </symbol>
      <symbol id="sm-55d">
         <name>temperature</name>
         <value>0x2074</value>
         <object_component_ref idref="oc-4e4"/>
      </symbol>
      <symbol id="sm-55e">
         <name>clearLCDArray</name>
         <value>0xa466</value>
         <object_component_ref idref="oc-580"/>
      </symbol>
      <symbol id="sm-55f">
         <name>EUSCI_B1_I2C_ISR</name>
         <value>0xa486</value>
         <object_component_ref idref="oc-448"/>
      </symbol>
      <symbol id="sm-560">
         <name>ADCInit</name>
         <value>0xa100</value>
         <object_component_ref idref="oc-5fe"/>
      </symbol>
      <symbol id="sm-561">
         <name>get_Char</name>
         <value>0x9888</value>
         <object_component_ref idref="oc-4aa"/>
      </symbol>
      <symbol id="sm-562">
         <name>ledFlag</name>
         <value>0x208c</value>
         <object_component_ref idref="oc-4e4"/>
      </symbol>
      <symbol id="sm-59a">
         <name>__TI_decompress_lzss</name>
         <value>0x96e2</value>
         <object_component_ref idref="oc-66"/>
      </symbol>
      <symbol id="sm-5ab">
         <name>__TI_decompress_none</name>
         <value>0xa178</value>
         <object_component_ref idref="oc-6c"/>
      </symbol>
      <symbol id="sm-5ae">
         <name>__TI_int22</name>
         <value>0xffce</value>
         <object_component_ref idref="oc-72"/>
      </symbol>
      <symbol id="sm-5b6">
         <name>__TI_ISR_TRAP</name>
         <value>0xaada</value>
         <object_component_ref idref="oc-437"/>
      </symbol>
      <symbol id="sm-5b9">
         <name>__TI_int24</name>
         <value>0xffd2</value>
         <object_component_ref idref="oc-74"/>
      </symbol>
      <symbol id="sm-5bc">
         <name>__TI_int25</name>
         <value>0xffd4</value>
         <object_component_ref idref="oc-75"/>
      </symbol>
      <symbol id="sm-5bf">
         <name>__TI_int26</name>
         <value>0xffd6</value>
         <object_component_ref idref="oc-76"/>
      </symbol>
      <symbol id="sm-5c2">
         <name>__TI_int27</name>
         <value>0xffd8</value>
         <object_component_ref idref="oc-77"/>
      </symbol>
      <symbol id="sm-5c5">
         <name>__TI_int28</name>
         <value>0xffda</value>
         <object_component_ref idref="oc-78"/>
      </symbol>
      <symbol id="sm-5c8">
         <name>__TI_int31</name>
         <value>0xffe0</value>
         <object_component_ref idref="oc-7b"/>
      </symbol>
      <symbol id="sm-5cb">
         <name>__TI_int32</name>
         <value>0xffe2</value>
         <object_component_ref idref="oc-7c"/>
      </symbol>
      <symbol id="sm-5ce">
         <name>__TI_int33</name>
         <value>0xffe4</value>
         <object_component_ref idref="oc-7d"/>
      </symbol>
      <symbol id="sm-5d1">
         <name>__TI_int34</name>
         <value>0xffe6</value>
         <object_component_ref idref="oc-7e"/>
      </symbol>
      <symbol id="sm-5d4">
         <name>__TI_int35</name>
         <value>0xffe8</value>
         <object_component_ref idref="oc-7f"/>
      </symbol>
      <symbol id="sm-5d7">
         <name>__TI_int36</name>
         <value>0xffea</value>
         <object_component_ref idref="oc-80"/>
      </symbol>
      <symbol id="sm-5da">
         <name>__TI_int37</name>
         <value>0xffec</value>
         <object_component_ref idref="oc-81"/>
      </symbol>
      <symbol id="sm-5dd">
         <name>__TI_int38</name>
         <value>0xffee</value>
         <object_component_ref idref="oc-82"/>
      </symbol>
      <symbol id="sm-5e0">
         <name>__TI_int39</name>
         <value>0xfff0</value>
         <object_component_ref idref="oc-83"/>
      </symbol>
      <symbol id="sm-5e3">
         <name>__TI_int40</name>
         <value>0xfff2</value>
         <object_component_ref idref="oc-84"/>
      </symbol>
      <symbol id="sm-5e6">
         <name>__TI_int41</name>
         <value>0xfff4</value>
         <object_component_ref idref="oc-85"/>
      </symbol>
      <symbol id="sm-5e9">
         <name>__TI_int42</name>
         <value>0xfff6</value>
         <object_component_ref idref="oc-86"/>
      </symbol>
      <symbol id="sm-5ec">
         <name>__TI_int44</name>
         <value>0xfffa</value>
         <object_component_ref idref="oc-88"/>
      </symbol>
      <symbol id="sm-5ef">
         <name>__TI_int45</name>
         <value>0xfffc</value>
         <object_component_ref idref="oc-89"/>
      </symbol>
      <symbol id="sm-5ff">
         <name>__TI_zero_init_nomemset</name>
         <value>0xa008</value>
         <object_component_ref idref="oc-454"/>
      </symbol>
      <symbol id="sm-60a">
         <name>__memcpy_far</name>
         <value>0x9f4a</value>
         <object_component_ref idref="oc-42b"/>
      </symbol>
      <symbol id="sm-644">
         <name>__mspabi_addd</name>
         <value>0x8030</value>
         <object_component_ref idref="oc-50c"/>
      </symbol>
      <symbol id="sm-65f">
         <name>__mspabi_subf</name>
         <value>0x94ac</value>
         <object_component_ref idref="oc-518"/>
      </symbol>
      <symbol id="sm-660">
         <name>__mspabi_addf</name>
         <value>0x94b2</value>
         <object_component_ref idref="oc-518"/>
      </symbol>
      <symbol id="sm-670">
         <name>__mspabi_cmpf</name>
         <value>0x9ebe</value>
         <object_component_ref idref="oc-51e"/>
      </symbol>
      <symbol id="sm-68a">
         <name>__mspabi_cvtdf</name>
         <value>0x993c</value>
         <object_component_ref idref="oc-4fa"/>
      </symbol>
      <symbol id="sm-698">
         <name>__mspabi_cvtfd</name>
         <value>0x9cb4</value>
         <object_component_ref idref="oc-500"/>
      </symbol>
      <symbol id="sm-6be">
         <name>__mspabi_divd</name>
         <value>0x912e</value>
         <object_component_ref idref="oc-4f4"/>
      </symbol>
      <symbol id="sm-6d9">
         <name>__TI_frcdivd</name>
         <value>0x875a</value>
         <object_component_ref idref="oc-5a3"/>
      </symbol>
      <symbol id="sm-6eb">
         <name>__mspabi_divf</name>
         <value>0x99ee</value>
         <object_component_ref idref="oc-528"/>
      </symbol>
      <symbol id="sm-6f7">
         <name>__mspabi_remi</name>
         <value>0xa2ee</value>
         <object_component_ref idref="oc-69c"/>
      </symbol>
      <symbol id="sm-6f8">
         <name>__mspabi_divi</name>
         <value>0xa2ee</value>
         <object_component_ref idref="oc-69c"/>
      </symbol>
      <symbol id="sm-703">
         <name>__mspabi_remu</name>
         <value>0xa420</value>
         <object_component_ref idref="oc-6e6"/>
      </symbol>
      <symbol id="sm-704">
         <name>__mspabi_divu</name>
         <value>0xa420</value>
         <object_component_ref idref="oc-6e6"/>
      </symbol>
      <symbol id="sm-717">
         <name>__mspabi_fixfi</name>
         <value>0x9c4c</value>
         <object_component_ref idref="oc-538"/>
      </symbol>
      <symbol id="sm-724">
         <name>__mspabi_fltif</name>
         <value>0xa25e</value>
         <object_component_ref idref="oc-523"/>
      </symbol>
      <symbol id="sm-72d">
         <name>__mspabi_fltud</name>
         <value>0xa474</value>
         <object_component_ref idref="oc-4e8"/>
      </symbol>
      <symbol id="sm-742">
         <name>__mspabi_fltuld</name>
         <value>0x9a7e</value>
         <object_component_ref idref="oc-58f"/>
      </symbol>
      <symbol id="sm-767">
         <name>__mspabi_mpyd</name>
         <value>0x8e9c</value>
         <object_component_ref idref="oc-4ee"/>
      </symbol>
      <symbol id="sm-772">
         <name>__TI_frcmpyd</name>
         <value>0x9348</value>
         <object_component_ref idref="oc-596"/>
      </symbol>
      <symbol id="sm-789">
         <name>__mspabi_mpyf</name>
         <value>0x97d0</value>
         <object_component_ref idref="oc-531"/>
      </symbol>
      <symbol id="sm-792">
         <name>__mspabi_mpyi_f5hw</name>
         <value>0xa3c4</value>
         <object_component_ref idref="oc-675"/>
      </symbol>
      <symbol id="sm-79b">
         <name>__mspabi_mpyl_f5hw</name>
         <value>0xa366</value>
         <object_component_ref idref="oc-670"/>
      </symbol>
      <symbol id="sm-7a4">
         <name>__mspabi_mpyll_f5hw</name>
         <value>0x9d18</value>
         <object_component_ref idref="oc-65d"/>
      </symbol>
      <symbol id="sm-7ad">
         <name>__mspabi_mpyull_f5hw</name>
         <value>0xa2c2</value>
         <object_component_ref idref="oc-662"/>
      </symbol>
      <symbol id="sm-7c0">
         <name>__mspabi_slll_9</name>
         <value>0xa09c</value>
         <object_component_ref idref="oc-5ab"/>
      </symbol>
      <symbol id="sm-7c1">
         <name>__mspabi_slll_8</name>
         <value>0xa0a0</value>
         <object_component_ref idref="oc-5ab"/>
      </symbol>
      <symbol id="sm-7c2">
         <name>__mspabi_slll_7</name>
         <value>0xa0a4</value>
         <object_component_ref idref="oc-5ab"/>
      </symbol>
      <symbol id="sm-7c3">
         <name>__mspabi_slll_6</name>
         <value>0xa0a8</value>
         <object_component_ref idref="oc-5ab"/>
      </symbol>
      <symbol id="sm-7c4">
         <name>__mspabi_slll_5</name>
         <value>0xa0ac</value>
         <object_component_ref idref="oc-5ab"/>
      </symbol>
      <symbol id="sm-7c5">
         <name>__mspabi_slll_4</name>
         <value>0xa0b0</value>
         <object_component_ref idref="oc-5ab"/>
      </symbol>
      <symbol id="sm-7c6">
         <name>__mspabi_slll_3</name>
         <value>0xa0b4</value>
         <object_component_ref idref="oc-5ab"/>
      </symbol>
      <symbol id="sm-7c7">
         <name>__mspabi_slll_2</name>
         <value>0xa0b8</value>
         <object_component_ref idref="oc-5ab"/>
      </symbol>
      <symbol id="sm-7c8">
         <name>__mspabi_slll_1</name>
         <value>0xa0bc</value>
         <object_component_ref idref="oc-5ab"/>
      </symbol>
      <symbol id="sm-7c9">
         <name>__mspabi_slll</name>
         <value>0xa436</value>
         <object_component_ref idref="oc-5d9"/>
      </symbol>
      <symbol id="sm-7ca">
         <name>__mspabi_slll_15</name>
         <value>0xa084</value>
         <object_component_ref idref="oc-5ab"/>
      </symbol>
      <symbol id="sm-7cb">
         <name>__mspabi_slll_14</name>
         <value>0xa088</value>
         <object_component_ref idref="oc-5ab"/>
      </symbol>
      <symbol id="sm-7cc">
         <name>__mspabi_slll_13</name>
         <value>0xa08c</value>
         <object_component_ref idref="oc-5ab"/>
      </symbol>
      <symbol id="sm-7cd">
         <name>__mspabi_slll_12</name>
         <value>0xa090</value>
         <object_component_ref idref="oc-5ab"/>
      </symbol>
      <symbol id="sm-7ce">
         <name>__mspabi_slll_11</name>
         <value>0xa094</value>
         <object_component_ref idref="oc-5ab"/>
      </symbol>
      <symbol id="sm-7cf">
         <name>__mspabi_slll_10</name>
         <value>0xa098</value>
         <object_component_ref idref="oc-5ab"/>
      </symbol>
      <symbol id="sm-7dc">
         <name>__mspabi_sllll</name>
         <value>0xa1b4</value>
         <object_component_ref idref="oc-5c4"/>
      </symbol>
      <symbol id="sm-7e4">
         <name>__mspabi_sral_15</name>
         <value>0xa046</value>
         <object_component_ref idref="oc-5b2"/>
      </symbol>
      <symbol id="sm-7e5">
         <name>__mspabi_sral_14</name>
         <value>0xa04a</value>
         <object_component_ref idref="oc-5b2"/>
      </symbol>
      <symbol id="sm-7e6">
         <name>__mspabi_sral_13</name>
         <value>0xa04e</value>
         <object_component_ref idref="oc-5b2"/>
      </symbol>
      <symbol id="sm-7e7">
         <name>__mspabi_sral_12</name>
         <value>0xa052</value>
         <object_component_ref idref="oc-5b2"/>
      </symbol>
      <symbol id="sm-7e8">
         <name>__mspabi_sral_11</name>
         <value>0xa056</value>
         <object_component_ref idref="oc-5b2"/>
      </symbol>
      <symbol id="sm-7e9">
         <name>__mspabi_sral_10</name>
         <value>0xa05a</value>
         <object_component_ref idref="oc-5b2"/>
      </symbol>
      <symbol id="sm-7ea">
         <name>__mspabi_sral_8</name>
         <value>0xa062</value>
         <object_component_ref idref="oc-5b2"/>
      </symbol>
      <symbol id="sm-7eb">
         <name>__mspabi_sral_9</name>
         <value>0xa05e</value>
         <object_component_ref idref="oc-5b2"/>
      </symbol>
      <symbol id="sm-7ec">
         <name>__mspabi_sral_6</name>
         <value>0xa06a</value>
         <object_component_ref idref="oc-5b2"/>
      </symbol>
      <symbol id="sm-7ed">
         <name>__mspabi_sral_7</name>
         <value>0xa066</value>
         <object_component_ref idref="oc-5b2"/>
      </symbol>
      <symbol id="sm-7ee">
         <name>__mspabi_sral_4</name>
         <value>0xa072</value>
         <object_component_ref idref="oc-5b2"/>
      </symbol>
      <symbol id="sm-7ef">
         <name>__mspabi_sral_5</name>
         <value>0xa06e</value>
         <object_component_ref idref="oc-5b2"/>
      </symbol>
      <symbol id="sm-7f0">
         <name>__mspabi_sral_2</name>
         <value>0xa07a</value>
         <object_component_ref idref="oc-5b2"/>
      </symbol>
      <symbol id="sm-7f1">
         <name>__mspabi_sral_3</name>
         <value>0xa076</value>
         <object_component_ref idref="oc-5b2"/>
      </symbol>
      <symbol id="sm-7f2">
         <name>__mspabi_sral_1</name>
         <value>0xa07e</value>
         <object_component_ref idref="oc-5b2"/>
      </symbol>
      <symbol id="sm-7ff">
         <name>__mspabi_srall</name>
         <value>0x9f8a</value>
         <object_component_ref idref="oc-5be"/>
      </symbol>
      <symbol id="sm-810">
         <name>__mspabi_srll_8</name>
         <value>0xa0de</value>
         <object_component_ref idref="oc-5cf"/>
      </symbol>
      <symbol id="sm-811">
         <name>__mspabi_srll_9</name>
         <value>0xa0da</value>
         <object_component_ref idref="oc-5cf"/>
      </symbol>
      <symbol id="sm-812">
         <name>__mspabi_srll_6</name>
         <value>0xa0e6</value>
         <object_component_ref idref="oc-5cf"/>
      </symbol>
      <symbol id="sm-813">
         <name>__mspabi_srll_7</name>
         <value>0xa0e2</value>
         <object_component_ref idref="oc-5cf"/>
      </symbol>
      <symbol id="sm-814">
         <name>__mspabi_srll_4</name>
         <value>0xa0ee</value>
         <object_component_ref idref="oc-5cf"/>
      </symbol>
      <symbol id="sm-815">
         <name>__mspabi_srll_5</name>
         <value>0xa0ea</value>
         <object_component_ref idref="oc-5cf"/>
      </symbol>
      <symbol id="sm-816">
         <name>__mspabi_srll_2</name>
         <value>0xa0f6</value>
         <object_component_ref idref="oc-5cf"/>
      </symbol>
      <symbol id="sm-817">
         <name>__mspabi_srll_3</name>
         <value>0xa0f2</value>
         <object_component_ref idref="oc-5cf"/>
      </symbol>
      <symbol id="sm-818">
         <name>__mspabi_srll_1</name>
         <value>0xa0fa</value>
         <object_component_ref idref="oc-5cf"/>
      </symbol>
      <symbol id="sm-819">
         <name>__mspabi_srll_15</name>
         <value>0xa0c2</value>
         <object_component_ref idref="oc-5cf"/>
      </symbol>
      <symbol id="sm-81a">
         <name>__mspabi_srll_14</name>
         <value>0xa0c6</value>
         <object_component_ref idref="oc-5cf"/>
      </symbol>
      <symbol id="sm-81b">
         <name>__mspabi_srll_13</name>
         <value>0xa0ca</value>
         <object_component_ref idref="oc-5cf"/>
      </symbol>
      <symbol id="sm-81c">
         <name>__mspabi_srll_12</name>
         <value>0xa0ce</value>
         <object_component_ref idref="oc-5cf"/>
      </symbol>
      <symbol id="sm-81d">
         <name>__mspabi_srll_11</name>
         <value>0xa0d2</value>
         <object_component_ref idref="oc-5cf"/>
      </symbol>
      <symbol id="sm-81e">
         <name>__mspabi_srll_10</name>
         <value>0xa0d6</value>
         <object_component_ref idref="oc-5cf"/>
      </symbol>
      <symbol id="sm-81f">
         <name>__mspabi_srll</name>
         <value>0xa446</value>
         <object_component_ref idref="oc-5d4"/>
      </symbol>
      <symbol id="sm-82c">
         <name>__mspabi_srlll</name>
         <value>0xa1ee</value>
         <object_component_ref idref="oc-667"/>
      </symbol>
      <symbol id="sm-835">
         <name>__mspabi_subd</name>
         <value>0xa294</value>
         <object_component_ref idref="oc-506"/>
      </symbol>
      <symbol id="sm-845">
         <name>_c_int00_noargs_mpu</name>
         <value>0xaaa2</value>
         <object_component_ref idref="oc-47e"/>
      </symbol>
      <symbol id="sm-846">
         <name>_stack</name>
         <value>0x2f60</value>
         <object_component_ref idref="oc-41c"/>
      </symbol>
      <symbol id="sm-847">
         <name>_reset_vector</name>
         <value>0xfffe</value>
         <object_component_ref idref="oc-41f"/>
      </symbol>
      <symbol id="sm-855">
         <name>__mpu_init</name>
         <value>0xa13c</value>
         <object_component_ref idref="oc-561"/>
      </symbol>
      <symbol id="sm-878">
         <name>__TI_auto_init_nobinit_nopinit_hold_wdt</name>
         <value>0x9be2</value>
         <object_component_ref idref="oc-635"/>
      </symbol>
      <symbol id="sm-881">
         <name>_system_post_cinit</name>
         <value>0xa484</value>
         <object_component_ref idref="oc-6bb"/>
      </symbol>
      <symbol id="sm-88a">
         <name>_system_pre_init</name>
         <value>0xa480</value>
         <object_component_ref idref="oc-549"/>
      </symbol>
      <symbol id="sm-895">
         <name>C$$EXIT</name>
         <value>0xa47a</value>
         <object_component_ref idref="oc-611"/>
      </symbol>
      <symbol id="sm-896">
         <name>abort</name>
         <value>0xa47a</value>
         <object_component_ref idref="oc-611"/>
      </symbol>
      <symbol id="sm-8ce">
         <name>sqrtl</name>
         <value>0x8bc2</value>
         <object_component_ref idref="oc-512"/>
      </symbol>
      <symbol id="sm-8cf">
         <name>sqrt</name>
         <value>0x8bc2</value>
         <object_component_ref idref="oc-512"/>
      </symbol>
      <symbol id="sm-8d6">
         <name>errno</name>
         <value>0x208e</value>
         <object_component_ref idref="oc-5cc"/>
      </symbol>
   </symbol_table>
   <title>Link successful</title>
</link_info>
